Extensions: writing cache failed ([Errno 30] Read-only file system: '/home/agent/.config/blender').
13:47:37 | INFO: Data are loaded, start creating Blender stuff
13:47:37 | INFO: Blender create Mesh node Sand_Rippled_32m
13:47:37 | INFO: Blender create Mesh node fish_01_body
13:47:37 | INFO: Blender create Mesh node fish_01_dorsal
13:47:37 | INFO: Blender create Mesh node fish_01_eye_-1
13:47:37 | INFO: Blender create Mesh node fish_01_eye_1
13:47:37 | INFO: Blender create Mesh node fish_01_pectoral_-1
13:47:37 | INFO: Blender create Mesh node fish_01_pectoral_1
13:47:37 | INFO: Blender create Mesh node fish_01_tail
13:47:37 | INFO: Blender create Mesh node fish_01_ventral
13:47:37 | INFO: Blender create Mesh node fish_02_body
13:47:37 | INFO: Blender create Mesh node fish_02_dorsal
13:47:37 | INFO: Blender create Mesh node fish_02_eye_-1
13:47:37 | INFO: Blender create Mesh node fish_02_eye_1
13:47:37 | INFO: Blender create Mesh node fish_02_pectoral_-1
13:47:37 | INFO: Blender create Mesh node fish_02_pectoral_1
13:47:37 | INFO: Blender create Mesh node fish_02_tail
13:47:37 | INFO: Blender create Mesh node fish_02_ventral
13:47:37 | INFO: Blender create Mesh node fish_03_body
13:47:37 | INFO: Blender create Mesh node fish_03_dorsal
13:47:37 | INFO: Blender create Mesh node fish_03_eye_-1
13:47:37 | INFO: Blender create Mesh node fish_03_eye_1
13:47:37 | INFO: Blender create Mesh node fish_03_pectoral_-1
13:47:37 | INFO: Blender create Mesh node fish_03_pectoral_1
13:47:37 | INFO: Blender create Mesh node fish_03_tail
13:47:37 | INFO: Blender create Mesh node fish_03_ventral
13:47:37 | INFO: Blender create Mesh node fish_04_body
13:47:37 | INFO: Blender create Mesh node fish_04_dorsal
13:47:37 | INFO: Blender create Mesh node fish_04_eye_-1
13:47:37 | INFO: Blender create Mesh node fish_04_eye_1
13:47:37 | INFO: Blender create Mesh node fish_04_pectoral_-1
13:47:37 | INFO: Blender create Mesh node fish_04_pectoral_1
13:47:37 | INFO: Blender create Mesh node fish_04_tail
13:47:37 | INFO: Blender create Mesh node fish_04_ventral
13:47:37 | INFO: Blender create Mesh node Sand_Horizon_80m
13:47:37 | INFO: Blender create Mesh node Hardbottom_Low_Irregular_Limestone
13:47:37 | INFO: Blender create Mesh node Coral_Low_Irregular_Encrusting_Mounds
13:47:37 | INFO: Blender create Mesh node Coral_Staghorn_Thicket_00
13:47:37 | INFO: Blender create Mesh node Coral_Staghorn_Thicket_01
13:47:37 | INFO: Blender create Mesh node Coral_Staghorn_Thicket_02
13:47:37 | INFO: Blender create Mesh node Coral_Staghorn_Thicket_03
13:47:37 | INFO: Blender create Mesh node Coral_Staghorn_Thicket_04
13:47:37 | INFO: Blender create Mesh node Coral_Staghorn_Thicket_05
13:47:37 | INFO: Blender create Mesh node Coral_Staghorn_Thicket_06
13:47:37 | INFO: Blender create Mesh node Coral_Staghorn_Thicket_07
13:47:37 | INFO: Blender create Mesh node Coral_Staghorn_Thicket_08
13:47:37 | INFO: Blender create Mesh node Coral_Staghorn_Thicket_09
13:47:37 | INFO: Blender create Mesh node Coral_Staghorn_Thicket_10
13:47:37 | INFO: Blender create Mesh node Coral_Staghorn_Thicket_11
13:47:37 | INFO: Blender create Mesh node Coral_Staghorn_Thicket_12
13:47:37 | INFO: Blender create Mesh node Coral_Staghorn_Thicket_13
13:47:37 | INFO: Blender create Mesh node Coral_Staghorn_Thicket_14
13:47:37 | INFO: Blender create Mesh node Coral_Staghorn_Thicket_15
13:47:37 | INFO: Blender create Mesh node Coral_Staghorn_Thicket_16
13:47:37 | INFO: Blender create Mesh node Coral_Staghorn_Thicket_17
13:47:37 | INFO: Blender create Mesh node Coral_Staghorn_Thicket_18
13:47:38 | INFO: Blender create Mesh node Coral_Staghorn_Thicket_19
13:47:38 | INFO: Blender create Mesh node Coral_Staghorn_Thicket_20
13:47:38 | INFO: Blender create Mesh node Coral_Staghorn_Thicket_21
13:47:38 | INFO: Blender create Mesh node Depth_Hardbottom_Closed_Irregular_Rises
13:47:38 | INFO: Blender create Mesh node Original_Limestone_Shared_Distant_Support
13:47:38 | INFO: Blender create Mesh node Spatial_Continuous_Weathered_Limestone
13:47:38 | INFO: glTF import finished in 1.24s
13:47:38 | INFO: Data are loaded, start creating Blender stuff
13:47:38 | INFO: Blender create Mesh node Icosphere
13:47:38 | INFO: Blender create Mesh node Attached_reticulate_fan_form
13:47:38 | INFO: Blender create Mesh node Attached_small_fan_form
13:47:38 | INFO: glTF import finished in 0.32s
13:47:38 | INFO: Data are loaded, start creating Blender stuff
13:47:38 | INFO: Blender create Mesh node Icosphere
13:47:38 | INFO: Blender create Mesh node Attached_reticulate_fan_form
13:47:38 | INFO: Blender create Mesh node Attached_small_fan_form
13:47:38 | INFO: glTF import finished in 0.32s
13:47:38 | INFO: Data are loaded, start creating Blender stuff
13:47:38 | INFO: Blender create Mesh node Icosphere
13:47:39 | INFO: Blender create Mesh node Attached_reticulate_fan_form
13:47:39 | INFO: Blender create Mesh node Attached_small_fan_form
13:47:39 | INFO: glTF import finished in 0.29s
Blender 4.3.2
Fra:1 Mem:189.77M (Peak 189.77M) | Time:00:00.01 | Mem:0.00M, Peak:0.00M | Scene, ViewLayer | Synchronizing object | Sand_Rippled_32m
Fra:1 Mem:191.82M (Peak 191.82M) | Time:00:00.01 | Mem:0.00M, Peak:0.00M | Scene, ViewLayer | Synchronizing object | fish_01_body
Fra:1 Mem:191.82M (Peak 191.82M) | Time:00:00.01 | Mem:0.00M, Peak:0.00M | Scene, ViewLayer | Synchronizing object | fish_01_eye_1
Fra:1 Mem:192.79M (Peak 192.79M) | Time:00:00.01 | Mem:0.00M, Peak:0.00M | Scene, ViewLayer | Synchronizing object | fish_01_pectoral_-1
Fra:1 Mem:192.80M (Peak 192.80M) | Time:00:00.01 | Mem:0.00M, Peak:0.00M | Scene, ViewLayer | Synchronizing object | fish_01_pectoral_1
Fra:1 Mem:193.09M (Peak 193.09M) | Time:00:00.01 | Mem:0.00M, Peak:0.00M | Scene, ViewLayer | Synchronizing object | Attached_small_fan_form.001
Fra:1 Mem:194.02M (Peak 194.02M) | Time:00:00.01 | Mem:0.00M, Peak:0.00M | Scene, ViewLayer | Synchronizing object | fish_01_tail
Fra:1 Mem:193.96M (Peak 194.02M) | Time:00:00.01 | Mem:0.00M, Peak:0.00M | Scene, ViewLayer | Synchronizing object | fish_01_ventral
Fra:1 Mem:193.96M (Peak 194.02M) | Time:00:00.01 | Mem:0.00M, Peak:0.00M | Scene, ViewLayer | Synchronizing object | fish_02_body
Fra:1 Mem:193.96M (Peak 194.02M) | Time:00:00.01 | Mem:0.00M, Peak:0.00M | Scene, ViewLayer | Synchronizing object | fish_02_dorsal
Fra:1 Mem:193.97M (Peak 194.02M) | Time:00:00.01 | Mem:0.00M, Peak:0.00M | Scene, ViewLayer | Synchronizing object | fish_02_eye_-1
Fra:1 Mem:193.97M (Peak 194.02M) | Time:00:00.01 | Mem:0.00M, Peak:0.00M | Scene, ViewLayer | Synchronizing object | fish_02_eye_1
Fra:1 Mem:194.56M (Peak 194.56M) | Time:00:00.01 | Mem:0.00M, Peak:0.00M | Scene, ViewLayer | Synchronizing object | fish_02_pectoral_-1
Fra:1 Mem:194.56M (Peak 194.56M) | Time:00:00.01 | Mem:0.00M, Peak:0.00M | Scene, ViewLayer | Synchronizing object | fish_02_pectoral_1
Fra:1 Mem:194.56M (Peak 194.56M) | Time:00:00.01 | Mem:0.00M, Peak:0.00M | Scene, ViewLayer | Synchronizing object | fish_02_tail
Fra:1 Mem:194.57M (Peak 194.57M) | Time:00:00.01 | Mem:0.00M, Peak:0.00M | Scene, ViewLayer | Synchronizing object | fish_02_ventral
Fra:1 Mem:194.73M (Peak 194.73M) | Time:00:00.01 | Mem:0.00M, Peak:0.00M | Scene, ViewLayer | Synchronizing object | fish_03_body
Fra:1 Mem:195.18M (Peak 195.18M) | Time:00:00.01 | Mem:0.00M, Peak:0.00M | Scene, ViewLayer | Synchronizing object | fish_03_dorsal
Fra:1 Mem:195.20M (Peak 195.20M) | Time:00:00.01 | Mem:0.00M, Peak:0.00M | Scene, ViewLayer | Synchronizing object | fish_03_eye_-1
Fra:1 Mem:195.46M (Peak 195.46M) | Time:00:00.01 | Mem:0.00M, Peak:0.00M | Scene, ViewLayer | Synchronizing object | fish_03_eye_1
Fra:1 Mem:196.44M (Peak 196.44M) | Time:00:00.01 | Mem:0.00M, Peak:0.00M | Scene, ViewLayer | Synchronizing object | fish_03_pectoral_-1
Fra:1 Mem:196.46M (Peak 196.46M) | Time:00:00.01 | Mem:0.00M, Peak:0.00M | Scene, ViewLayer | Synchronizing object | fish_03_pectoral_1
Fra:1 Mem:196.46M (Peak 196.46M) | Time:00:00.01 | Mem:0.00M, Peak:0.00M | Scene, ViewLayer | Synchronizing object | fish_03_tail
Fra:1 Mem:199.94M (Peak 199.94M) | Time:00:00.01 | Mem:0.00M, Peak:0.00M | Scene, ViewLayer | Synchronizing object | fish_04_body
Fra:1 Mem:200.20M (Peak 200.20M) | Time:00:00.01 | Mem:0.00M, Peak:0.00M | Scene, ViewLayer | Synchronizing object | fish_04_dorsal
Fra:1 Mem:200.20M (Peak 200.20M) | Time:00:00.01 | Mem:0.00M, Peak:0.00M | Scene, ViewLayer | Synchronizing object | fish_04_eye_-1
Fra:1 Mem:200.49M (Peak 200.49M) | Time:00:00.01 | Mem:0.00M, Peak:0.00M | Scene, ViewLayer | Synchronizing object | fish_04_eye_1
Fra:1 Mem:200.50M (Peak 200.50M) | Time:00:00.01 | Mem:0.00M, Peak:0.00M | Scene, ViewLayer | Synchronizing object | fish_04_pectoral_-1
Fra:1 Mem:200.53M (Peak 200.53M) | Time:00:00.01 | Mem:0.00M, Peak:0.00M | Scene, ViewLayer | Synchronizing object | fish_04_pectoral_1
Fra:1 Mem:200.54M (Peak 200.54M) | Time:00:00.01 | Mem:0.00M, Peak:0.00M | Scene, ViewLayer | Synchronizing object | fish_04_tail
Fra:1 Mem:200.54M (Peak 200.54M) | Time:00:00.01 | Mem:0.00M, Peak:0.00M | Scene, ViewLayer | Synchronizing object | fish_04_ventral
Fra:1 Mem:200.54M (Peak 200.54M) | Time:00:00.01 | Mem:0.00M, Peak:0.00M | Scene, ViewLayer | Synchronizing object | Sand_Horizon_80m
Fra:1 Mem:200.75M (Peak 200.75M) | Time:00:00.01 | Mem:0.00M, Peak:0.00M | Scene, ViewLayer | Synchronizing object | Hardbottom_Low_Irregular_Limestone
Fra:1 Mem:201.02M (Peak 201.02M) | Time:00:00.01 | Mem:0.00M, Peak:0.00M | Scene, ViewLayer | Synchronizing object | Coral_Low_Irregular_Encrusting_Mounds
Fra:1 Mem:200.97M (Peak 201.02M) | Time:00:00.01 | Mem:0.00M, Peak:0.00M | Scene, ViewLayer | Synchronizing object | Coral_Staghorn_Thicket_00
Fra:1 Mem:202.17M (Peak 202.17M) | Time:00:00.01 | Mem:0.00M, Peak:0.00M | Scene, ViewLayer | Synchronizing object | Coral_Staghorn_Thicket_01
Fra:1 Mem:203.47M (Peak 203.47M) | Time:00:00.01 | Mem:0.00M, Peak:0.00M | Scene, ViewLayer | Synchronizing object | Coral_Staghorn_Thicket_03
Fra:1 Mem:235.34M (Peak 236.07M) | Time:00:00.05 | Mem:0.00M, Peak:0.00M | Scene, ViewLayer | Synchronizing object | Attached_reticulate_fan_form.001
Fra:1 Mem:241.80M (Peak 241.80M) | Time:00:00.06 | Mem:0.00M, Peak:0.00M | Scene, ViewLayer | Synchronizing object | Coral_Staghorn_Thicket_12
Fra:1 Mem:245.07M (Peak 245.07M) | Time:00:00.06 | Mem:0.00M, Peak:0.00M | Scene, ViewLayer | Synchronizing object | Coral_Staghorn_Thicket_16
Fra:1 Mem:253.52M (Peak 254.68M) | Time:00:00.08 | Mem:0.00M, Peak:0.00M | Scene, ViewLayer | Synchronizing object | Depth_Hardbottom_Closed_Irregular_Rises
Fra:1 Mem:258.35M (Peak 258.35M) | Time:00:00.11 | Mem:0.00M, Peak:0.00M | Scene, ViewLayer | Synchronizing object | Shoulder_closed_irregular_skeleton.002
Fra:1 Mem:258.41M (Peak 258.41M) | Time:00:00.11 | Mem:0.00M, Peak:0.00M | Scene, ViewLayer | Synchronizing object | Depth_Staghorn_Linked_00_0
Fra:1 Mem:264.70M (Peak 264.70M) | Time:00:00.12 | Mem:0.00M, Peak:0.00M | Scene, ViewLayer | Synchronizing object | Depth_Staghorn_Linked_00_1
Fra:1 Mem:271.41M (Peak 271.95M) | Time:00:00.13 | Mem:0.00M, Peak:0.00M | Scene, ViewLayer | Synchronizing object | Depth_Staghorn_Linked_01_0
Fra:1 Mem:271.41M (Peak 271.95M) | Time:00:00.13 | Mem:0.00M, Peak:0.00M | Scene, ViewLayer | Synchronizing object | Depth_Staghorn_Linked_01_1
Fra:1 Mem:281.03M (Peak 281.26M) | Time:00:00.14 | Mem:0.00M, Peak:0.00M | Scene, ViewLayer | Synchronizing object | Depth_Staghorn_Linked_03_1
Fra:1 Mem:281.35M (Peak 283.37M) | Time:00:00.16 | Mem:0.00M, Peak:0.00M | Scene, ViewLayer | Synchronizing object | Attached_small_fan_form
Fra:1 Mem:286.56M (Peak 286.56M) | Time:00:00.17 | Mem:0.00M, Peak:0.00M | Scene, ViewLayer | Synchronizing object | Depth_Staghorn_Linked_04_0
Fra:1 Mem:287.67M (Peak 287.67M) | Time:00:00.17 | Mem:0.00M, Peak:0.00M | Scene, ViewLayer | Synchronizing object | Depth_Staghorn_Linked_06_0
Fra:1 Mem:290.31M (Peak 290.31M) | Time:00:00.17 | Mem:0.00M, Peak:0.00M | Scene, ViewLayer | Synchronizing object | Depth_Staghorn_Linked_07_0
Fra:1 Mem:290.64M (Peak 292.52M) | Time:00:00.18 | Mem:0.00M, Peak:0.00M | Scene, ViewLayer | Synchronizing object | Corridor_Distant_Linked_00
Fra:1 Mem:290.68M (Peak 292.52M) | Time:00:00.18 | Mem:0.00M, Peak:0.00M | Scene, ViewLayer | Synchronizing object | Corridor_Distant_Linked_01
Fra:1 Mem:299.74M (Peak 299.74M) | Time:00:00.20 | Mem:0.00M, Peak:0.00M | Scene, ViewLayer | Synchronizing object | Corridor_Distant_Linked_05
Fra:1 Mem:300.71M (Peak 300.71M) | Time:00:00.20 | Mem:0.00M, Peak:0.00M | Scene, ViewLayer | Synchronizing object | Distant_Limestone_Support_00
Fra:1 Mem:304.63M (Peak 304.92M) | Time:00:00.21 | Mem:0.00M, Peak:0.00M | Scene, ViewLayer | Synchronizing object | Spatial_Continuous_Weathered_Limestone
Fra:1 Mem:304.66M (Peak 304.92M) | Time:00:00.21 | Mem:0.00M, Peak:0.00M | Scene, ViewLayer | Synchronizing object | Spatial_Staghorn_Linked_01
Fra:1 Mem:305.81M (Peak 305.83M) | Time:00:00.21 | Mem:0.00M, Peak:0.00M | Scene, ViewLayer | Synchronizing object | Shoulder_closed_irregular_skeleton.001
Fra:1 Mem:309.07M (Peak 309.07M) | Time:00:00.21 | Mem:0.00M, Peak:0.00M | Scene, ViewLayer | Synchronizing object | Shoulder_closed_irregular_skeleton
Fra:1 Mem:323.32M (Peak 323.32M) | Time:00:00.23 | Mem:0.00M, Peak:0.00M | Scene, ViewLayer | Synchronizing object | Attached_reticulate_fan_form
Fra:1 Mem:335.19M (Peak 340.78M) | Time:00:00.30 | Mem:0.00M, Peak:0.00M | Scene, ViewLayer | Initializing
Fra:1 Mem:334.86M (Peak 340.78M) | Time:00:00.30 | Mem:0.00M, Peak:0.00M | Scene, ViewLayer | Updating Images | Loading sand_roughness
Fra:1 Mem:334.86M (Peak 340.78M) | Time:00:00.30 | Mem:0.00M, Peak:0.00M | Scene, ViewLayer | Updating Images | Loading Shoulder_closed_irregular_skeleton-roughness.002
Fra:1 Mem:334.86M (Peak 340.78M) | Time:00:00.30 | Mem:0.00M, Peak:0.00M | Scene, ViewLayer | Updating Images | Loading sand_normal
Fra:1 Mem:334.86M (Peak 340.78M) | Time:00:00.30 | Mem:0.00M, Peak:0.00M | Scene, ViewLayer | Updating Images | Loading limestone_roughness
Fra:1 Mem:334.86M (Peak 340.78M) | Time:00:00.30 | Mem:0.00M, Peak:0.00M | Scene, ViewLayer | Updating Images | Loading limestone_normal
Fra:1 Mem:334.86M (Peak 340.78M) | Time:00:00.30 | Mem:0.00M, Peak:0.00M | Scene, ViewLayer | Updating Images | Loading coral_roughness
Fra:1 Mem:358.88M (Peak 366.88M) | Time:00:00.34 | Mem:4.00M, Peak:4.00M | Scene, ViewLayer | Updating Images | Loading coral_normal
Fra:1 Mem:378.90M (Peak 386.91M) | Time:00:00.36 | Mem:8.00M, Peak:8.00M | Scene, ViewLayer | Updating Images | Loading Shoulder_closed_irregular_skeleton-albedo
Fra:1 Mem:394.90M (Peak 402.91M) | Time:00:00.36 | Mem:12.00M, Peak:12.00M | Scene, ViewLayer | Updating Images | Loading Shoulder_closed_irregular_skeleton-albedo.002
Fra:1 Mem:402.89M (Peak 410.90M) | Time:00:00.37 | Mem:16.00M, Peak:16.00M | Scene, ViewLayer | Updating Images | Loading Shoulder_closed_irregular_skeleton-roughness
Fra:1 Mem:398.88M (Peak 410.90M) | Time:00:00.37 | Mem:20.00M, Peak:20.00M | Scene, ViewLayer | Updating Images | Loading Shoulder_closed_irregular_skeleton-albedo.001
Fra:1 Mem:422.89M (Peak 430.90M) | Time:00:00.39 | Mem:24.00M, Peak:24.00M | Scene, ViewLayer | Updating Images | Loading Shoulder_closed_irregular_skeleton-roughness.001
Fra:1 Mem:416.05M (Peak 498.90M) | Time:00:00.51 | Mem:84.00M, Peak:84.00M | Scene, ViewLayer | Waiting for render to start
Fra:1 Mem:416.05M (Peak 498.90M) | Time:00:00.51 | Mem:84.00M, Peak:84.00M | Scene, ViewLayer | Loading render kernels (may take a few minutes the first time)
Fra:1 Mem:416.05M (Peak 498.90M) | Time:00:00.51 | Mem:84.00M, Peak:84.00M | Scene, ViewLayer | Updating Scene
Fra:1 Mem:416.05M (Peak 498.90M) | Time:00:00.51 | Mem:84.00M, Peak:84.00M | Scene, ViewLayer | Updating Shaders
Fra:1 Mem:416.14M (Peak 498.90M) | Time:00:00.51 | Mem:84.01M, Peak:84.01M | Scene, ViewLayer | Updating Procedurals
Fra:1 Mem:416.14M (Peak 498.90M) | Time:00:00.51 | Mem:84.01M, Peak:84.01M | Scene, ViewLayer | Updating Background
Fra:1 Mem:416.14M (Peak 498.90M) | Time:00:00.51 | Mem:84.01M, Peak:84.01M | Scene, ViewLayer | Updating Camera
Fra:1 Mem:416.14M (Peak 498.90M) | Time:00:00.51 | Mem:84.01M, Peak:84.01M | Scene, ViewLayer | Updating Meshes Flags
Fra:1 Mem:416.14M (Peak 498.90M) | Time:00:00.51 | Mem:84.01M, Peak:84.01M | Scene, ViewLayer | Updating Objects
Fra:1 Mem:416.14M (Peak 498.90M) | Time:00:00.51 | Mem:84.01M, Peak:84.01M | Scene, ViewLayer | Updating Objects | Copying Transformations to device
Fra:1 Mem:416.16M (Peak 498.90M) | Time:00:00.51 | Mem:84.03M, Peak:84.03M | Scene, ViewLayer | Updating Objects | Applying Static Transformations
Fra:1 Mem:416.16M (Peak 498.90M) | Time:00:00.51 | Mem:84.03M, Peak:84.03M | Scene, ViewLayer | Updating Particle Systems
Fra:1 Mem:416.16M (Peak 498.90M) | Time:00:00.51 | Mem:84.03M, Peak:84.03M | Scene, ViewLayer | Updating Particle Systems | Copying Particles to device
Fra:1 Mem:416.16M (Peak 498.90M) | Time:00:00.51 | Mem:84.03M, Peak:84.03M | Scene, ViewLayer | Updating Meshes
Fra:1 Mem:429.93M (Peak 498.90M) | Time:00:00.54 | Mem:84.03M, Peak:84.03M | Scene, ViewLayer | Updating Mesh | Computing attributes
Fra:1 Mem:482.76M (Peak 498.90M) | Time:00:00.59 | Mem:84.04M, Peak:84.04M | Scene, ViewLayer | Updating Mesh | Copying Attributes to device
Fra:1 Mem:482.73M (Peak 498.90M) | Time:00:00.59 | Mem:136.84M, Peak:136.84M | Scene, ViewLayer | Updating Geometry BVH Coral_Staghorn_Thicket_00 1/10 | Building BVH
Fra:1 Mem:482.73M (Peak 498.90M) | Time:00:00.59 | Mem:136.84M, Peak:136.84M | Scene, ViewLayer | Updating Geometry BVH Coral_Staghorn_Thicket_03 2/10 | Building BVH
Fra:1 Mem:482.73M (Peak 498.90M) | Time:00:00.59 | Mem:136.84M, Peak:136.84M | Scene, ViewLayer | Updating Geometry BVH Coral_Staghorn_Thicket_16 4/10 | Building BVH
Fra:1 Mem:482.73M (Peak 498.90M) | Time:00:00.59 | Mem:137.32M, Peak:137.32M | Scene, ViewLayer | Updating Geometry BVH Coral_Staghorn_Thicket_16 4/10 | Building BVH 0%
Fra:1 Mem:482.73M (Peak 498.90M) | Time:00:00.59 | Mem:137.32M, Peak:137.32M | Scene, ViewLayer | Updating Geometry BVH Coral_Staghorn_Thicket_17 5/10 | Building BVH
Fra:1 Mem:482.73M (Peak 498.90M) | Time:00:00.59 | Mem:137.94M, Peak:137.94M | Scene, ViewLayer | Updating Geometry BVH Coral_Staghorn_Thicket_17 5/10 | Building BVH 0%
Fra:1 Mem:482.73M (Peak 498.90M) | Time:00:00.59 | Mem:138.43M, Peak:138.43M | Scene, ViewLayer | Updating Geometry BVH Coral_Staghorn_Thicket_17 5/10 | Building BVH
Fra:1 Mem:482.73M (Peak 498.90M) | Time:00:00.59 | Mem:139.40M, Peak:139.40M | Scene, ViewLayer | Updating Geometry BVH Original_Limestone_Shared_Distant_Support 10/10 | Building BVH
Fra:1 Mem:482.73M (Peak 498.90M) | Time:00:00.60 | Mem:143.78M, Peak:144.08M | Scene, ViewLayer | Updating Geometry BVH Coral_Staghorn_Thicket_08 6/10 | Building BVH
Fra:1 Mem:482.73M (Peak 498.90M) | Time:00:00.60 | Mem:144.84M, Peak:145.09M | Scene, ViewLayer | Updating Geometry BVH Coral_Staghorn_Thicket_11 7/10 | Building BVH
Fra:1 Mem:482.73M (Peak 498.90M) | Time:00:00.60 | Mem:144.97M, Peak:145.58M | Scene, ViewLayer | Updating Geometry BVH Coral_Staghorn_Thicket_15 8/10 | Building BVH
Fra:1 Mem:482.73M (Peak 498.90M) | Time:00:00.60 | Mem:145.44M, Peak:145.58M | Scene, ViewLayer | Updating Geometry BVH Coral_Staghorn_Thicket_04 9/10 | Building BVH
Fra:1 Mem:482.73M (Peak 498.90M) | Time:00:00.61 | Mem:149.09M, Peak:150.93M | Scene, ViewLayer | Updating Scene BVH | Building
Fra:1 Mem:482.74M (Peak 498.90M) | Time:00:00.62 | Mem:149.09M, Peak:150.93M | Scene, ViewLayer | Updating Scene BVH | Building BVH
Fra:1 Mem:482.74M (Peak 498.90M) | Time:00:00.74 | Mem:195.10M, Peak:216.63M | Scene, ViewLayer | Updating Scene BVH | Copying BVH to device
Fra:1 Mem:482.74M (Peak 498.90M) | Time:00:00.74 | Mem:195.10M, Peak:216.63M | Scene, ViewLayer | Updating Mesh | Computing normals
Fra:1 Mem:520.77M (Peak 520.77M) | Time:00:00.79 | Mem:195.10M, Peak:216.63M | Scene, ViewLayer | Updating Mesh | Copying Mesh to device
Fra:1 Mem:520.77M (Peak 520.77M) | Time:00:00.79 | Mem:233.14M, Peak:233.14M | Scene, ViewLayer | Updating Objects Flags
Fra:1 Mem:520.77M (Peak 520.77M) | Time:00:00.79 | Mem:233.14M, Peak:233.14M | Scene, ViewLayer | Updating Primitive Offsets
Fra:1 Mem:520.77M (Peak 520.77M) | Time:00:00.79 | Mem:233.14M, Peak:233.14M | Scene, ViewLayer | Updating Images
Fra:1 Mem:520.77M (Peak 520.77M) | Time:00:00.79 | Mem:233.14M, Peak:233.14M | Scene, ViewLayer | Updating Camera Volume
Fra:1 Mem:520.77M (Peak 520.77M) | Time:00:00.79 | Mem:233.14M, Peak:233.14M | Scene, ViewLayer | Updating Lookup Tables
Fra:1 Mem:520.77M (Peak 520.77M) | Time:00:00.79 | Mem:233.22M, Peak:233.22M | Scene, ViewLayer | Updating Lights
Fra:1 Mem:520.77M (Peak 520.77M) | Time:00:00.79 | Mem:233.22M, Peak:233.22M | Scene, ViewLayer | Updating Lights | Computing tree
Fra:1 Mem:520.77M (Peak 520.77M) | Time:00:00.79 | Mem:233.22M, Peak:233.22M | Scene, ViewLayer | Updating Integrator
Fra:1 Mem:520.77M (Peak 520.77M) | Time:00:00.79 | Mem:233.22M, Peak:233.22M | Scene, ViewLayer | Updating Film
Fra:1 Mem:520.78M (Peak 520.78M) | Time:00:00.79 | Mem:233.14M, Peak:233.22M | Scene, ViewLayer | Updating Lookup Tables
Fra:1 Mem:520.78M (Peak 520.78M) | Time:00:00.79 | Mem:233.22M, Peak:233.22M | Scene, ViewLayer | Updating Baking
Fra:1 Mem:520.78M (Peak 520.78M) | Time:00:00.79 | Mem:233.22M, Peak:233.22M | Scene, ViewLayer | Updating Device | Writing constant memory
Fra:1 Mem:520.78M (Peak 520.78M) | Time:00:00.79 | Mem:233.22M, Peak:233.22M | Scene, ViewLayer | Sample 0/20
Fra:1 Mem:547.72M (Peak 547.72M) | Time:00:01.38 | Remaining:00:11.25 | Mem:260.15M, Peak:260.15M | Scene, ViewLayer | Sample 1/20
Fra:1 Mem:559.69M (Peak 583.61M) | Time:00:10.89 | Mem:260.15M, Peak:260.15M | Scene, ViewLayer | Sample 20/20
Fra:1 Mem:559.69M (Peak 583.61M) | Time:00:10.89 | Mem:260.15M, Peak:260.15M | Scene, ViewLayer | Finished
Saved: '/workspace/scratch/56bf13a306b9/reef-branch-grounding-oct7/evidence/branch-grounding-oct7/offline-before-close-textured.png'
Time: 00:11.25 (Saving: 00:00.34)

FRAME_READY /workspace/scratch/56bf13a306b9/reef-branch-grounding-oct7/evidence/branch-grounding-oct7/offline-before-close-textured.png
Fra:1 Mem:238.95M (Peak 238.95M) | Time:00:00.01 | Mem:0.00M, Peak:0.00M | Scene, ViewLayer | Synchronizing object | Sand_Rippled_32m
Fra:1 Mem:238.96M (Peak 238.96M) | Time:00:00.01 | Mem:0.00M, Peak:0.00M | Scene, ViewLayer | Synchronizing object | fish_01_dorsal
Fra:1 Mem:238.96M (Peak 238.96M) | Time:00:00.01 | Mem:0.00M, Peak:0.00M | Scene, ViewLayer | Synchronizing object | fish_01_body
Fra:1 Mem:239.35M (Peak 239.35M) | Time:00:00.01 | Mem:0.00M, Peak:0.00M | Scene, ViewLayer | Synchronizing object | fish_01_pectoral_-1
Fra:1 Mem:239.51M (Peak 239.51M) | Time:00:00.01 | Mem:0.00M, Peak:0.00M | Scene, ViewLayer | Synchronizing object | fish_01_pectoral_1
Fra:1 Mem:239.51M (Peak 239.51M) | Time:00:00.01 | Mem:0.00M, Peak:0.00M | Scene, ViewLayer | Synchronizing object | fish_01_tail
Fra:1 Mem:239.51M (Peak 239.51M) | Time:00:00.01 | Mem:0.00M, Peak:0.00M | Scene, ViewLayer | Synchronizing object | fish_01_ventral
Fra:1 Mem:239.51M (Peak 239.51M) | Time:00:00.01 | Mem:0.00M, Peak:0.00M | Scene, ViewLayer | Synchronizing object | fish_02_body
Fra:1 Mem:239.59M (Peak 239.59M) | Time:00:00.01 | Mem:0.00M, Peak:0.00M | Scene, ViewLayer | Synchronizing object | fish_02_dorsal
Fra:1 Mem:239.63M (Peak 239.63M) | Time:00:00.01 | Mem:0.00M, Peak:0.00M | Scene, ViewLayer | Synchronizing object | fish_02_eye_-1
Fra:1 Mem:239.71M (Peak 239.71M) | Time:00:00.01 | Mem:0.00M, Peak:0.00M | Scene, ViewLayer | Synchronizing object | fish_02_eye_1
Fra:1 Mem:239.82M (Peak 239.82M) | Time:00:00.01 | Mem:0.00M, Peak:0.00M | Scene, ViewLayer | Synchronizing object | fish_02_pectoral_-1
Fra:1 Mem:239.86M (Peak 239.86M) | Time:00:00.01 | Mem:0.00M, Peak:0.00M | Scene, ViewLayer | Synchronizing object | fish_02_pectoral_1
Fra:1 Mem:239.86M (Peak 239.86M) | Time:00:00.01 | Mem:0.00M, Peak:0.00M | Scene, ViewLayer | Synchronizing object | fish_02_tail
Fra:1 Mem:239.86M (Peak 239.86M) | Time:00:00.01 | Mem:0.00M, Peak:0.00M | Scene, ViewLayer | Synchronizing object | fish_02_ventral
Fra:1 Mem:239.86M (Peak 239.86M) | Time:00:00.01 | Mem:0.00M, Peak:0.00M | Scene, ViewLayer | Synchronizing object | fish_03_body
Fra:1 Mem:239.94M (Peak 239.94M) | Time:00:00.01 | Mem:0.00M, Peak:0.00M | Scene, ViewLayer | Synchronizing object | fish_03_dorsal
Fra:1 Mem:239.99M (Peak 239.99M) | Time:00:00.01 | Mem:0.00M, Peak:0.00M | Scene, ViewLayer | Synchronizing object | fish_03_eye_-1
Fra:1 Mem:240.02M (Peak 240.02M) | Time:00:00.01 | Mem:0.00M, Peak:0.00M | Scene, ViewLayer | Synchronizing object | Attached_small_fan_form.001
Fra:1 Mem:240.18M (Peak 240.18M) | Time:00:00.01 | Mem:0.00M, Peak:0.00M | Scene, ViewLayer | Synchronizing object | fish_03_eye_1
Fra:1 Mem:240.23M (Peak 240.23M) | Time:00:00.01 | Mem:0.00M, Peak:0.00M | Scene, ViewLayer | Synchronizing object | fish_03_pectoral_-1
Fra:1 Mem:240.26M (Peak 240.26M) | Time:00:00.01 | Mem:0.00M, Peak:0.00M | Scene, ViewLayer | Synchronizing object | fish_03_pectoral_1
Fra:1 Mem:240.26M (Peak 240.26M) | Time:00:00.01 | Mem:0.00M, Peak:0.00M | Scene, ViewLayer | Synchronizing object | fish_03_tail
Fra:1 Mem:240.27M (Peak 240.27M) | Time:00:00.01 | Mem:0.00M, Peak:0.00M | Scene, ViewLayer | Synchronizing object | fish_03_ventral
Fra:1 Mem:240.32M (Peak 240.32M) | Time:00:00.01 | Mem:0.00M, Peak:0.00M | Scene, ViewLayer | Synchronizing object | fish_04_body
Fra:1 Mem:240.31M (Peak 240.32M) | Time:00:00.01 | Mem:0.00M, Peak:0.00M | Scene, ViewLayer | Synchronizing object | fish_04_dorsal
Fra:1 Mem:240.37M (Peak 240.37M) | Time:00:00.01 | Mem:0.00M, Peak:0.00M | Scene, ViewLayer | Synchronizing object | fish_04_eye_-1
Fra:1 Mem:240.90M (Peak 240.90M) | Time:00:00.01 | Mem:0.00M, Peak:0.00M | Scene, ViewLayer | Synchronizing object | fish_04_eye_1
Fra:1 Mem:242.99M (Peak 242.99M) | Time:00:00.01 | Mem:0.00M, Peak:0.00M | Scene, ViewLayer | Synchronizing object | fish_04_pectoral_-1
Fra:1 Mem:242.99M (Peak 242.99M) | Time:00:00.01 | Mem:0.00M, Peak:0.00M | Scene, ViewLayer | Synchronizing object | fish_04_pectoral_1
Fra:1 Mem:242.98M (Peak 242.99M) | Time:00:00.01 | Mem:0.00M, Peak:0.00M | Scene, ViewLayer | Synchronizing object | fish_04_tail
Fra:1 Mem:242.99M (Peak 242.99M) | Time:00:00.01 | Mem:0.00M, Peak:0.00M | Scene, ViewLayer | Synchronizing object | fish_04_ventral
Fra:1 Mem:242.99M (Peak 242.99M) | Time:00:00.01 | Mem:0.00M, Peak:0.00M | Scene, ViewLayer | Synchronizing object | Sand_Horizon_80m
Fra:1 Mem:242.99M (Peak 242.99M) | Time:00:00.01 | Mem:0.00M, Peak:0.00M | Scene, ViewLayer | Synchronizing object | Hardbottom_Low_Irregular_Limestone
Fra:1 Mem:242.99M (Peak 242.99M) | Time:00:00.01 | Mem:0.00M, Peak:0.00M | Scene, ViewLayer | Synchronizing object | Coral_Low_Irregular_Encrusting_Mounds
Fra:1 Mem:243.89M (Peak 243.89M) | Time:00:00.01 | Mem:0.00M, Peak:0.00M | Scene, ViewLayer | Synchronizing object | Coral_Staghorn_Thicket_00
Fra:1 Mem:243.89M (Peak 243.89M) | Time:00:00.01 | Mem:0.00M, Peak:0.00M | Scene, ViewLayer | Synchronizing object | Coral_Staghorn_Thicket_01
Fra:1 Mem:243.87M (Peak 243.89M) | Time:00:00.01 | Mem:0.00M, Peak:0.00M | Scene, ViewLayer | Synchronizing object | Coral_Staghorn_Thicket_03
Fra:1 Mem:250.22M (Peak 250.22M) | Time:00:00.01 | Mem:0.00M, Peak:0.00M | Scene, ViewLayer | Synchronizing object | Coral_Staghorn_Thicket_12
Fra:1 Mem:250.41M (Peak 250.41M) | Time:00:00.01 | Mem:0.00M, Peak:0.00M | Scene, ViewLayer | Synchronizing object | Coral_Staghorn_Thicket_16
Fra:1 Mem:252.93M (Peak 252.93M) | Time:00:00.01 | Mem:0.00M, Peak:0.00M | Scene, ViewLayer | Synchronizing object | Depth_Hardbottom_Closed_Irregular_Rises
Fra:1 Mem:254.42M (Peak 254.42M) | Time:00:00.01 | Mem:0.00M, Peak:0.00M | Scene, ViewLayer | Synchronizing object | Depth_Staghorn_Linked_00_0
Fra:1 Mem:255.69M (Peak 255.69M) | Time:00:00.01 | Mem:0.00M, Peak:0.00M | Scene, ViewLayer | Synchronizing object | Depth_Staghorn_Linked_00_1
Fra:1 Mem:256.37M (Peak 256.37M) | Time:00:00.01 | Mem:0.00M, Peak:0.00M | Scene, ViewLayer | Synchronizing object | Depth_Staghorn_Linked_01_0
Fra:1 Mem:258.17M (Peak 258.17M) | Time:00:00.01 | Mem:0.00M, Peak:0.00M | Scene, ViewLayer | Synchronizing object | Depth_Staghorn_Linked_01_1
Fra:1 Mem:257.98M (Peak 258.17M) | Time:00:00.01 | Mem:0.00M, Peak:0.00M | Scene, ViewLayer | Synchronizing object | Depth_Staghorn_Linked_03_1
Fra:1 Mem:257.98M (Peak 258.17M) | Time:00:00.01 | Mem:0.00M, Peak:0.00M | Scene, ViewLayer | Synchronizing object | Depth_Staghorn_Linked_04_0
Fra:1 Mem:259.62M (Peak 259.62M) | Time:00:00.01 | Mem:0.00M, Peak:0.00M | Scene, ViewLayer | Synchronizing object | Depth_Staghorn_Linked_06_0
Fra:1 Mem:259.62M (Peak 259.62M) | Time:00:00.01 | Mem:0.00M, Peak:0.00M | Scene, ViewLayer | Synchronizing object | Depth_Staghorn_Linked_07_0
Fra:1 Mem:262.17M (Peak 262.17M) | Time:00:00.01 | Mem:0.00M, Peak:0.00M | Scene, ViewLayer | Synchronizing object | Corridor_Distant_Linked_00
Fra:1 Mem:264.70M (Peak 264.70M) | Time:00:00.01 | Mem:0.00M, Peak:0.00M | Scene, ViewLayer | Synchronizing object | Corridor_Distant_Linked_01
Fra:1 Mem:268.20M (Peak 268.20M) | Time:00:00.02 | Mem:0.00M, Peak:0.00M | Scene, ViewLayer | Synchronizing object | Attached_reticulate_fan_form.001
Fra:1 Mem:271.63M (Peak 271.63M) | Time:00:00.02 | Mem:0.00M, Peak:0.00M | Scene, ViewLayer | Synchronizing object | Distant_Limestone_Support_00
Fra:1 Mem:273.20M (Peak 273.20M) | Time:00:00.02 | Mem:0.00M, Peak:0.00M | Scene, ViewLayer | Synchronizing object | Spatial_Continuous_Weathered_Limestone
Fra:1 Mem:273.50M (Peak 273.50M) | Time:00:00.02 | Mem:0.00M, Peak:0.00M | Scene, ViewLayer | Synchronizing object | Spatial_Staghorn_Linked_01
Fra:1 Mem:273.71M (Peak 273.71M) | Time:00:00.02 | Mem:0.00M, Peak:0.00M | Scene, ViewLayer | Synchronizing object | Shoulder_closed_irregular_skeleton
Fra:1 Mem:273.92M (Peak 273.92M) | Time:00:00.02 | Mem:0.00M, Peak:0.00M | Scene, ViewLayer | Synchronizing object | Attached_reticulate_fan_form
Fra:1 Mem:273.68M (Peak 276.45M) | Time:00:00.02 | Mem:0.00M, Peak:0.00M | Scene, ViewLayer | Synchronizing object | Shoulder_closed_irregular_skeleton.001
Fra:1 Mem:286.01M (Peak 286.01M) | Time:00:00.02 | Mem:0.00M, Peak:0.00M | Scene, ViewLayer | Synchronizing object | Shoulder_closed_irregular_skeleton.002
Fra:1 Mem:285.48M (Peak 286.01M) | Time:00:00.02 | Mem:0.00M, Peak:0.00M | Scene, ViewLayer | Synchronizing object | Attached_small_fan_form
Fra:1 Mem:284.84M (Peak 302.61M) | Time:00:00.05 | Mem:0.00M, Peak:0.00M | Scene, ViewLayer | Initializing
Fra:1 Mem:284.52M (Peak 302.61M) | Time:00:00.05 | Mem:0.00M, Peak:0.00M | Scene, ViewLayer | Updating Images | Loading sand_roughness
Fra:1 Mem:284.52M (Peak 302.61M) | Time:00:00.05 | Mem:0.00M, Peak:0.00M | Scene, ViewLayer | Updating Images | Loading Shoulder_closed_irregular_skeleton-roughness.002
Fra:1 Mem:284.52M (Peak 302.61M) | Time:00:00.05 | Mem:0.00M, Peak:0.00M | Scene, ViewLayer | Updating Images | Loading sand_normal
Fra:1 Mem:284.52M (Peak 302.61M) | Time:00:00.05 | Mem:0.00M, Peak:0.00M | Scene, ViewLayer | Updating Images | Loading coral_roughness
Fra:1 Mem:316.54M (Peak 324.54M) | Time:00:00.08 | Mem:4.00M, Peak:4.00M | Scene, ViewLayer | Updating Images | Loading coral_normal
Fra:1 Mem:320.54M (Peak 328.55M) | Time:00:00.09 | Mem:8.00M, Peak:8.00M | Scene, ViewLayer | Updating Images | Loading Shoulder_closed_irregular_skeleton-albedo
Fra:1 Mem:328.54M (Peak 344.55M) | Time:00:00.09 | Mem:12.00M, Peak:12.00M | Scene, ViewLayer | Updating Images | Loading Shoulder_closed_irregular_skeleton-roughness
Fra:1 Mem:332.53M (Peak 344.55M) | Time:00:00.09 | Mem:16.00M, Peak:16.00M | Scene, ViewLayer | Updating Images | Loading Shoulder_closed_irregular_skeleton-albedo.002
Fra:1 Mem:348.53M (Peak 356.54M) | Time:00:00.11 | Mem:20.00M, Peak:20.00M | Scene, ViewLayer | Updating Images | Loading Shoulder_closed_irregular_skeleton-albedo.001
Fra:1 Mem:372.54M (Peak 380.55M) | Time:00:00.12 | Mem:24.00M, Peak:24.00M | Scene, ViewLayer | Updating Images | Loading Shoulder_closed_irregular_skeleton-roughness.001
Fra:1 Mem:365.66M (Peak 432.55M) | Time:00:00.28 | Mem:84.00M, Peak:84.00M | Scene, ViewLayer | Waiting for render to start
Fra:1 Mem:365.66M (Peak 432.55M) | Time:00:00.28 | Mem:84.00M, Peak:84.00M | Scene, ViewLayer | Loading render kernels (may take a few minutes the first time)
Fra:1 Mem:365.66M (Peak 432.55M) | Time:00:00.28 | Mem:84.00M, Peak:84.00M | Scene, ViewLayer | Updating Scene
Fra:1 Mem:365.66M (Peak 432.55M) | Time:00:00.28 | Mem:84.00M, Peak:84.00M | Scene, ViewLayer | Updating Shaders
Fra:1 Mem:365.75M (Peak 432.55M) | Time:00:00.28 | Mem:84.00M, Peak:84.00M | Scene, ViewLayer | Updating Procedurals
Fra:1 Mem:365.75M (Peak 432.55M) | Time:00:00.28 | Mem:84.00M, Peak:84.00M | Scene, ViewLayer | Updating Background
Fra:1 Mem:365.75M (Peak 432.55M) | Time:00:00.28 | Mem:84.00M, Peak:84.00M | Scene, ViewLayer | Updating Camera
Fra:1 Mem:365.75M (Peak 432.55M) | Time:00:00.28 | Mem:84.00M, Peak:84.00M | Scene, ViewLayer | Updating Meshes Flags
Fra:1 Mem:365.75M (Peak 432.55M) | Time:00:00.28 | Mem:84.00M, Peak:84.00M | Scene, ViewLayer | Updating Objects
Fra:1 Mem:365.75M (Peak 432.55M) | Time:00:00.28 | Mem:84.00M, Peak:84.00M | Scene, ViewLayer | Updating Objects | Copying Transformations to device
Fra:1 Mem:365.77M (Peak 432.55M) | Time:00:00.28 | Mem:84.02M, Peak:84.02M | Scene, ViewLayer | Updating Objects | Applying Static Transformations
Fra:1 Mem:365.77M (Peak 432.55M) | Time:00:00.28 | Mem:84.02M, Peak:84.02M | Scene, ViewLayer | Updating Particle Systems
Fra:1 Mem:365.77M (Peak 432.55M) | Time:00:00.28 | Mem:84.02M, Peak:84.02M | Scene, ViewLayer | Updating Particle Systems | Copying Particles to device
Fra:1 Mem:365.77M (Peak 432.55M) | Time:00:00.28 | Mem:84.02M, Peak:84.02M | Scene, ViewLayer | Updating Meshes
Fra:1 Mem:379.53M (Peak 432.55M) | Time:00:00.30 | Mem:84.02M, Peak:84.02M | Scene, ViewLayer | Updating Mesh | Computing attributes
Fra:1 Mem:387.36M (Peak 432.55M) | Time:00:00.30 | Mem:84.03M, Peak:84.03M | Scene, ViewLayer | Updating Mesh | Copying Attributes to device
Fra:1 Mem:387.35M (Peak 432.55M) | Time:00:00.30 | Mem:91.83M, Peak:91.83M | Scene, ViewLayer | Updating Geometry BVH Coral_Staghorn_Thicket_00 1/10 | Building BVH
Fra:1 Mem:387.35M (Peak 432.55M) | Time:00:00.30 | Mem:91.83M, Peak:91.83M | Scene, ViewLayer | Updating Geometry BVH Coral_Staghorn_Thicket_03 2/10 | Building BVH
Fra:1 Mem:387.35M (Peak 432.55M) | Time:00:00.30 | Mem:92.32M, Peak:92.32M | Scene, ViewLayer | Updating Geometry BVH Coral_Staghorn_Thicket_16 4/10 | Building BVH
Fra:1 Mem:387.35M (Peak 432.55M) | Time:00:00.30 | Mem:93.87M, Peak:93.87M | Scene, ViewLayer | Updating Geometry BVH Coral_Staghorn_Thicket_17 5/10 | Building BVH
Fra:1 Mem:387.35M (Peak 432.55M) | Time:00:00.30 | Mem:94.39M, Peak:94.39M | Scene, ViewLayer | Updating Geometry BVH Original_Limestone_Shared_Distant_Support 10/10 | Building BVH
Fra:1 Mem:387.35M (Peak 432.55M) | Time:00:00.31 | Mem:99.51M, Peak:99.51M | Scene, ViewLayer | Updating Geometry BVH Coral_Staghorn_Thicket_08 6/10 | Building BVH
Fra:1 Mem:387.35M (Peak 432.55M) | Time:00:00.31 | Mem:99.32M, Peak:100.22M | Scene, ViewLayer | Updating Geometry BVH Coral_Staghorn_Thicket_11 7/10 | Building BVH
Fra:1 Mem:387.35M (Peak 432.55M) | Time:00:00.31 | Mem:100.05M, Peak:100.22M | Scene, ViewLayer | Updating Geometry BVH Coral_Staghorn_Thicket_15 8/10 | Building BVH
Fra:1 Mem:387.35M (Peak 432.55M) | Time:00:00.31 | Mem:101.64M, Peak:101.94M | Scene, ViewLayer | Updating Geometry BVH Coral_Staghorn_Thicket_04 9/10 | Building BVH
Fra:1 Mem:387.35M (Peak 432.55M) | Time:00:00.32 | Mem:104.09M, Peak:105.81M | Scene, ViewLayer | Updating Scene BVH | Building
Fra:1 Mem:387.35M (Peak 432.55M) | Time:00:00.32 | Mem:104.09M, Peak:105.81M | Scene, ViewLayer | Updating Scene BVH | Building BVH
Fra:1 Mem:387.35M (Peak 432.55M) | Time:00:00.41 | Mem:150.10M, Peak:171.63M | Scene, ViewLayer | Updating Scene BVH | Copying BVH to device
Fra:1 Mem:387.35M (Peak 432.55M) | Time:00:00.41 | Mem:150.10M, Peak:171.63M | Scene, ViewLayer | Updating Mesh | Computing normals
Fra:1 Mem:425.38M (Peak 432.55M) | Time:00:00.43 | Mem:150.10M, Peak:171.63M | Scene, ViewLayer | Updating Mesh | Copying Mesh to device
Fra:1 Mem:425.38M (Peak 432.55M) | Time:00:00.43 | Mem:188.14M, Peak:188.14M | Scene, ViewLayer | Updating Objects Flags
Fra:1 Mem:425.38M (Peak 432.55M) | Time:00:00.43 | Mem:188.14M, Peak:188.14M | Scene, ViewLayer | Updating Primitive Offsets
Fra:1 Mem:425.38M (Peak 432.55M) | Time:00:00.43 | Mem:188.14M, Peak:188.14M | Scene, ViewLayer | Updating Images
Fra:1 Mem:425.38M (Peak 432.55M) | Time:00:00.43 | Mem:188.14M, Peak:188.14M | Scene, ViewLayer | Updating Camera Volume
Fra:1 Mem:425.38M (Peak 432.55M) | Time:00:00.43 | Mem:188.14M, Peak:188.14M | Scene, ViewLayer | Updating Lookup Tables
Fra:1 Mem:425.38M (Peak 432.55M) | Time:00:00.43 | Mem:188.22M, Peak:188.22M | Scene, ViewLayer | Updating Lights
Fra:1 Mem:425.38M (Peak 432.55M) | Time:00:00.43 | Mem:188.22M, Peak:188.22M | Scene, ViewLayer | Updating Lights | Computing tree
Fra:1 Mem:425.39M (Peak 432.55M) | Time:00:00.43 | Mem:188.22M, Peak:188.22M | Scene, ViewLayer | Updating Integrator
Fra:1 Mem:425.39M (Peak 432.55M) | Time:00:00.43 | Mem:188.22M, Peak:188.22M | Scene, ViewLayer | Updating Film
Fra:1 Mem:425.39M (Peak 432.55M) | Time:00:00.43 | Mem:188.14M, Peak:188.22M | Scene, ViewLayer | Updating Lookup Tables
Fra:1 Mem:425.39M (Peak 432.55M) | Time:00:00.43 | Mem:188.22M, Peak:188.22M | Scene, ViewLayer | Updating Baking
Fra:1 Mem:425.39M (Peak 432.55M) | Time:00:00.43 | Mem:188.22M, Peak:188.22M | Scene, ViewLayer | Updating Device | Writing constant memory
Fra:1 Mem:425.39M (Peak 432.55M) | Time:00:00.43 | Mem:188.22M, Peak:188.22M | Scene, ViewLayer | Sample 0/20
Fra:1 Mem:452.33M (Peak 452.33M) | Time:00:00.87 | Remaining:00:08.43 | Mem:215.15M, Peak:215.15M | Scene, ViewLayer | Sample 1/20
Fra:1 Mem:464.30M (Peak 488.23M) | Time:00:09.05 | Mem:215.15M, Peak:215.15M | Scene, ViewLayer | Sample 20/20
Fra:1 Mem:464.30M (Peak 488.23M) | Time:00:09.05 | Mem:215.15M, Peak:215.15M | Scene, ViewLayer | Finished
Saved: '/workspace/scratch/56bf13a306b9/reef-branch-grounding-oct7/evidence/branch-grounding-oct7/offline-before-close-gray.png'
Time: 00:09.20 (Saving: 00:00.13)

FRAME_READY /workspace/scratch/56bf13a306b9/reef-branch-grounding-oct7/evidence/branch-grounding-oct7/offline-before-close-gray.png
Fra:1 Mem:238.87M (Peak 238.87M) | Time:00:00.01 | Mem:0.00M, Peak:0.00M | Scene, ViewLayer | Synchronizing object | Sand_Rippled_32m
Fra:1 Mem:238.87M (Peak 238.87M) | Time:00:00.01 | Mem:0.00M, Peak:0.00M | Scene, ViewLayer | Synchronizing object | fish_01_dorsal
Fra:1 Mem:238.88M (Peak 238.88M) | Time:00:00.01 | Mem:0.00M, Peak:0.00M | Scene, ViewLayer | Synchronizing object | fish_01_eye_-1
Fra:1 Mem:238.88M (Peak 238.88M) | Time:00:00.01 | Mem:0.00M, Peak:0.00M | Scene, ViewLayer | Synchronizing object | fish_01_eye_1
Fra:1 Mem:239.42M (Peak 239.42M) | Time:00:00.01 | Mem:0.00M, Peak:0.00M | Scene, ViewLayer | Synchronizing object | fish_01_pectoral_-1
Fra:1 Mem:239.49M (Peak 239.49M) | Time:00:00.01 | Mem:0.00M, Peak:0.00M | Scene, ViewLayer | Synchronizing object | fish_01_pectoral_1
Fra:1 Mem:239.52M (Peak 239.52M) | Time:00:00.01 | Mem:0.00M, Peak:0.00M | Scene, ViewLayer | Synchronizing object | fish_01_tail
Fra:1 Mem:239.52M (Peak 239.52M) | Time:00:00.01 | Mem:0.00M, Peak:0.00M | Scene, ViewLayer | Synchronizing object | fish_01_ventral
Fra:1 Mem:239.54M (Peak 239.54M) | Time:00:00.01 | Mem:0.00M, Peak:0.00M | Scene, ViewLayer | Synchronizing object | fish_02_dorsal
Fra:1 Mem:239.52M (Peak 239.54M) | Time:00:00.01 | Mem:0.00M, Peak:0.00M | Scene, ViewLayer | Synchronizing object | fish_02_eye_1
Fra:1 Mem:240.45M (Peak 240.45M) | Time:00:00.01 | Mem:0.00M, Peak:0.00M | Scene, ViewLayer | Synchronizing object | fish_02_pectoral_-1
Fra:1 Mem:240.44M (Peak 240.46M) | Time:00:00.01 | Mem:0.00M, Peak:0.00M | Scene, ViewLayer | Synchronizing object | fish_02_pectoral_1
Fra:1 Mem:240.42M (Peak 240.46M) | Time:00:00.01 | Mem:0.00M, Peak:0.00M | Scene, ViewLayer | Synchronizing object | Attached_small_fan_form.001
Fra:1 Mem:240.53M (Peak 240.53M) | Time:00:00.01 | Mem:0.00M, Peak:0.00M | Scene, ViewLayer | Synchronizing object | fish_02_ventral
Fra:1 Mem:240.53M (Peak 240.53M) | Time:00:00.01 | Mem:0.00M, Peak:0.00M | Scene, ViewLayer | Synchronizing object | fish_03_dorsal
Fra:1 Mem:241.23M (Peak 241.23M) | Time:00:00.01 | Mem:0.00M, Peak:0.00M | Scene, ViewLayer | Synchronizing object | fish_03_eye_1
Fra:1 Mem:241.23M (Peak 241.23M) | Time:00:00.01 | Mem:0.00M, Peak:0.00M | Scene, ViewLayer | Synchronizing object | fish_03_pectoral_-1
Fra:1 Mem:241.25M (Peak 241.25M) | Time:00:00.01 | Mem:0.00M, Peak:0.00M | Scene, ViewLayer | Synchronizing object | fish_03_pectoral_1
Fra:1 Mem:241.42M (Peak 241.42M) | Time:00:00.01 | Mem:0.00M, Peak:0.00M | Scene, ViewLayer | Synchronizing object | fish_03_tail
Fra:1 Mem:241.75M (Peak 241.75M) | Time:00:00.01 | Mem:0.00M, Peak:0.00M | Scene, ViewLayer | Synchronizing object | fish_03_ventral
Fra:1 Mem:242.03M (Peak 242.03M) | Time:00:00.01 | Mem:0.00M, Peak:0.00M | Scene, ViewLayer | Synchronizing object | fish_04_body
Fra:1 Mem:242.04M (Peak 242.04M) | Time:00:00.01 | Mem:0.00M, Peak:0.00M | Scene, ViewLayer | Synchronizing object | fish_04_dorsal
Fra:1 Mem:242.10M (Peak 242.10M) | Time:00:00.01 | Mem:0.00M, Peak:0.00M | Scene, ViewLayer | Synchronizing object | fish_04_eye_-1
Fra:1 Mem:242.14M (Peak 242.14M) | Time:00:00.01 | Mem:0.00M, Peak:0.00M | Scene, ViewLayer | Synchronizing object | fish_04_eye_1
Fra:1 Mem:244.27M (Peak 244.27M) | Time:00:00.01 | Mem:0.00M, Peak:0.00M | Scene, ViewLayer | Synchronizing object | fish_04_pectoral_-1
Fra:1 Mem:244.27M (Peak 244.27M) | Time:00:00.01 | Mem:0.00M, Peak:0.00M | Scene, ViewLayer | Synchronizing object | fish_04_pectoral_1
Fra:1 Mem:244.27M (Peak 244.27M) | Time:00:00.01 | Mem:0.00M, Peak:0.00M | Scene, ViewLayer | Synchronizing object | fish_04_tail
Fra:1 Mem:244.27M (Peak 244.27M) | Time:00:00.01 | Mem:0.00M, Peak:0.00M | Scene, ViewLayer | Synchronizing object | fish_04_ventral
Fra:1 Mem:244.30M (Peak 244.30M) | Time:00:00.01 | Mem:0.00M, Peak:0.00M | Scene, ViewLayer | Synchronizing object | Sand_Horizon_80m
Fra:1 Mem:244.43M (Peak 244.43M) | Time:00:00.01 | Mem:0.00M, Peak:0.00M | Scene, ViewLayer | Synchronizing object | Hardbottom_Low_Irregular_Limestone
Fra:1 Mem:244.47M (Peak 244.47M) | Time:00:00.01 | Mem:0.00M, Peak:0.00M | Scene, ViewLayer | Synchronizing object | Coral_Low_Irregular_Encrusting_Mounds
Fra:1 Mem:244.48M (Peak 244.48M) | Time:00:00.01 | Mem:0.00M, Peak:0.00M | Scene, ViewLayer | Synchronizing object | Coral_Staghorn_Thicket_00
Fra:1 Mem:244.57M (Peak 244.57M) | Time:00:00.01 | Mem:0.00M, Peak:0.00M | Scene, ViewLayer | Synchronizing object | Coral_Staghorn_Thicket_01
Fra:1 Mem:246.11M (Peak 246.11M) | Time:00:00.01 | Mem:0.00M, Peak:0.00M | Scene, ViewLayer | Synchronizing object | Coral_Staghorn_Thicket_03
Fra:1 Mem:266.49M (Peak 267.44M) | Time:00:00.02 | Mem:0.00M, Peak:0.00M | Scene, ViewLayer | Synchronizing object | Attached_reticulate_fan_form.001
Fra:1 Mem:270.44M (Peak 270.44M) | Time:00:00.02 | Mem:0.00M, Peak:0.00M | Scene, ViewLayer | Synchronizing object | Coral_Staghorn_Thicket_12
Fra:1 Mem:271.06M (Peak 271.06M) | Time:00:00.02 | Mem:0.00M, Peak:0.00M | Scene, ViewLayer | Synchronizing object | Coral_Staghorn_Thicket_16
Fra:1 Mem:275.64M (Peak 275.64M) | Time:00:00.02 | Mem:0.00M, Peak:0.00M | Scene, ViewLayer | Synchronizing object | Depth_Hardbottom_Closed_Irregular_Rises
Fra:1 Mem:281.37M (Peak 281.37M) | Time:00:00.03 | Mem:0.00M, Peak:0.00M | Scene, ViewLayer | Synchronizing object | Shoulder_closed_irregular_skeleton.002
Fra:1 Mem:282.14M (Peak 282.14M) | Time:00:00.03 | Mem:0.00M, Peak:0.00M | Scene, ViewLayer | Synchronizing object | Depth_Staghorn_Linked_00_0
Fra:1 Mem:280.04M (Peak 282.14M) | Time:00:00.03 | Mem:0.00M, Peak:0.00M | Scene, ViewLayer | Synchronizing object | Depth_Staghorn_Linked_00_1
Fra:1 Mem:283.01M (Peak 283.01M) | Time:00:00.04 | Mem:0.00M, Peak:0.00M | Scene, ViewLayer | Synchronizing object | Depth_Staghorn_Linked_01_0
Fra:1 Mem:289.96M (Peak 289.96M) | Time:00:00.04 | Mem:0.00M, Peak:0.00M | Scene, ViewLayer | Synchronizing object | Depth_Staghorn_Linked_01_1
Fra:1 Mem:289.96M (Peak 289.96M) | Time:00:00.04 | Mem:0.00M, Peak:0.00M | Scene, ViewLayer | Synchronizing object | Depth_Staghorn_Linked_03_1
Fra:1 Mem:301.15M (Peak 301.15M) | Time:00:00.06 | Mem:0.00M, Peak:0.00M | Scene, ViewLayer | Synchronizing object | Depth_Staghorn_Linked_04_0
Fra:1 Mem:302.06M (Peak 302.06M) | Time:00:00.06 | Mem:0.00M, Peak:0.00M | Scene, ViewLayer | Synchronizing object | Depth_Staghorn_Linked_06_0
Fra:1 Mem:302.67M (Peak 302.67M) | Time:00:00.06 | Mem:0.00M, Peak:0.00M | Scene, ViewLayer | Synchronizing object | Depth_Staghorn_Linked_07_0
Fra:1 Mem:309.76M (Peak 309.76M) | Time:00:00.07 | Mem:0.00M, Peak:0.00M | Scene, ViewLayer | Synchronizing object | Corridor_Distant_Linked_00
Fra:1 Mem:310.82M (Peak 313.31M) | Time:00:00.08 | Mem:0.00M, Peak:0.00M | Scene, ViewLayer | Synchronizing object | Attached_small_fan_form
Fra:1 Mem:317.46M (Peak 317.46M) | Time:00:00.09 | Mem:0.00M, Peak:0.00M | Scene, ViewLayer | Synchronizing object | Corridor_Distant_Linked_01
Fra:1 Mem:318.58M (Peak 318.58M) | Time:00:00.09 | Mem:0.00M, Peak:0.00M | Scene, ViewLayer | Synchronizing object | Corridor_Distant_Linked_05
Fra:1 Mem:320.96M (Peak 320.96M) | Time:00:00.09 | Mem:0.00M, Peak:0.00M | Scene, ViewLayer | Synchronizing object | Distant_Limestone_Support_00
Fra:1 Mem:322.92M (Peak 322.92M) | Time:00:00.10 | Mem:0.00M, Peak:0.00M | Scene, ViewLayer | Synchronizing object | Spatial_Continuous_Weathered_Limestone
Fra:1 Mem:323.21M (Peak 323.21M) | Time:00:00.10 | Mem:0.00M, Peak:0.00M | Scene, ViewLayer | Synchronizing object | Shoulder_closed_irregular_skeleton.001
Fra:1 Mem:325.95M (Peak 325.95M) | Time:00:00.10 | Mem:0.00M, Peak:0.00M | Scene, ViewLayer | Synchronizing object | Spatial_Staghorn_Linked_01
Fra:1 Mem:345.31M (Peak 345.38M) | Time:00:00.14 | Mem:0.00M, Peak:0.00M | Scene, ViewLayer | Synchronizing object | Shoulder_closed_irregular_skeleton
Fra:1 Mem:341.14M (Peak 347.42M) | Time:00:00.15 | Mem:0.00M, Peak:0.00M | Scene, ViewLayer | Synchronizing object | Attached_reticulate_fan_form
Fra:1 Mem:335.19M (Peak 347.42M) | Time:00:00.20 | Mem:0.00M, Peak:0.00M | Scene, ViewLayer | Initializing
Fra:1 Mem:334.86M (Peak 347.42M) | Time:00:00.21 | Mem:0.00M, Peak:0.00M | Scene, ViewLayer | Updating Images | Loading Shoulder_closed_irregular_skeleton-roughness.002
Fra:1 Mem:334.86M (Peak 347.42M) | Time:00:00.21 | Mem:0.00M, Peak:0.00M | Scene, ViewLayer | Updating Images | Loading sand_roughness
Fra:1 Mem:334.86M (Peak 347.42M) | Time:00:00.21 | Mem:0.00M, Peak:0.00M | Scene, ViewLayer | Updating Images | Loading sand_normal
Fra:1 Mem:334.86M (Peak 347.42M) | Time:00:00.21 | Mem:0.00M, Peak:0.00M | Scene, ViewLayer | Updating Images | Loading limestone_roughness
Fra:1 Mem:334.86M (Peak 347.42M) | Time:00:00.21 | Mem:0.00M, Peak:0.00M | Scene, ViewLayer | Updating Images | Loading limestone_normal
Fra:1 Mem:334.86M (Peak 347.42M) | Time:00:00.21 | Mem:0.00M, Peak:0.00M | Scene, ViewLayer | Updating Images | Loading coral_roughness
Fra:1 Mem:358.88M (Peak 366.88M) | Time:00:00.24 | Mem:4.00M, Peak:4.00M | Scene, ViewLayer | Updating Images | Loading coral_normal
Fra:1 Mem:362.88M (Peak 370.89M) | Time:00:00.26 | Mem:8.00M, Peak:8.00M | Scene, ViewLayer | Updating Images | Loading Shoulder_closed_irregular_skeleton-albedo.002
Fra:1 Mem:402.91M (Peak 402.92M) | Time:00:00.27 | Mem:12.00M, Peak:12.00M | Scene, ViewLayer | Updating Images | Loading Shoulder_closed_irregular_skeleton-albedo
Fra:1 Mem:410.90M (Peak 418.91M) | Time:00:00.28 | Mem:16.00M, Peak:16.00M | Scene, ViewLayer | Updating Images | Loading Shoulder_closed_irregular_skeleton-roughness
Fra:1 Mem:406.89M (Peak 418.91M) | Time:00:00.28 | Mem:20.00M, Peak:20.00M | Scene, ViewLayer | Updating Images | Loading Shoulder_closed_irregular_skeleton-albedo.001
Fra:1 Mem:414.88M (Peak 422.89M) | Time:00:00.28 | Mem:24.00M, Peak:24.00M | Scene, ViewLayer | Updating Images | Loading Shoulder_closed_irregular_skeleton-roughness.001
Fra:1 Mem:416.05M (Peak 482.90M) | Time:00:00.44 | Mem:84.00M, Peak:84.00M | Scene, ViewLayer | Waiting for render to start
Fra:1 Mem:416.05M (Peak 482.90M) | Time:00:00.44 | Mem:84.00M, Peak:84.00M | Scene, ViewLayer | Loading render kernels (may take a few minutes the first time)
Fra:1 Mem:416.05M (Peak 482.90M) | Time:00:00.44 | Mem:84.00M, Peak:84.00M | Scene, ViewLayer | Updating Scene
Fra:1 Mem:416.05M (Peak 482.90M) | Time:00:00.44 | Mem:84.00M, Peak:84.00M | Scene, ViewLayer | Updating Shaders
Fra:1 Mem:416.14M (Peak 482.90M) | Time:00:00.44 | Mem:84.01M, Peak:84.01M | Scene, ViewLayer | Updating Procedurals
Fra:1 Mem:416.14M (Peak 482.90M) | Time:00:00.44 | Mem:84.01M, Peak:84.01M | Scene, ViewLayer | Updating Background
Fra:1 Mem:416.14M (Peak 482.90M) | Time:00:00.44 | Mem:84.01M, Peak:84.01M | Scene, ViewLayer | Updating Camera
Fra:1 Mem:416.14M (Peak 482.90M) | Time:00:00.44 | Mem:84.01M, Peak:84.01M | Scene, ViewLayer | Updating Meshes Flags
Fra:1 Mem:416.14M (Peak 482.90M) | Time:00:00.44 | Mem:84.01M, Peak:84.01M | Scene, ViewLayer | Updating Objects
Fra:1 Mem:416.14M (Peak 482.90M) | Time:00:00.44 | Mem:84.01M, Peak:84.01M | Scene, ViewLayer | Updating Objects | Copying Transformations to device
Fra:1 Mem:416.16M (Peak 482.90M) | Time:00:00.44 | Mem:84.03M, Peak:84.03M | Scene, ViewLayer | Updating Objects | Applying Static Transformations
Fra:1 Mem:416.16M (Peak 482.90M) | Time:00:00.44 | Mem:84.03M, Peak:84.03M | Scene, ViewLayer | Updating Particle Systems
Fra:1 Mem:416.16M (Peak 482.90M) | Time:00:00.44 | Mem:84.03M, Peak:84.03M | Scene, ViewLayer | Updating Particle Systems | Copying Particles to device
Fra:1 Mem:416.16M (Peak 482.90M) | Time:00:00.44 | Mem:84.03M, Peak:84.03M | Scene, ViewLayer | Updating Meshes
Fra:1 Mem:429.93M (Peak 482.90M) | Time:00:00.46 | Mem:84.03M, Peak:84.03M | Scene, ViewLayer | Updating Mesh | Computing attributes
Fra:1 Mem:482.76M (Peak 482.90M) | Time:00:00.50 | Mem:84.04M, Peak:84.04M | Scene, ViewLayer | Updating Mesh | Copying Attributes to device
Fra:1 Mem:482.74M (Peak 482.90M) | Time:00:00.50 | Mem:136.84M, Peak:136.84M | Scene, ViewLayer | Updating Geometry BVH Coral_Staghorn_Thicket_00 1/10 | Building BVH
Fra:1 Mem:482.74M (Peak 482.90M) | Time:00:00.50 | Mem:136.84M, Peak:136.84M | Scene, ViewLayer | Updating Geometry BVH Coral_Staghorn_Thicket_03 2/10 | Building BVH
Fra:1 Mem:482.74M (Peak 482.90M) | Time:00:00.50 | Mem:137.32M, Peak:137.32M | Scene, ViewLayer | Updating Geometry BVH Coral_Staghorn_Thicket_12 3/10 | Building BVH
Fra:1 Mem:482.74M (Peak 482.90M) | Time:00:00.50 | Mem:137.94M, Peak:137.94M | Scene, ViewLayer | Updating Geometry BVH Coral_Staghorn_Thicket_16 4/10 | Building BVH
Fra:1 Mem:482.74M (Peak 482.90M) | Time:00:00.50 | Mem:138.43M, Peak:138.43M | Scene, ViewLayer | Updating Geometry BVH Coral_Staghorn_Thicket_17 5/10 | Building BVH
Fra:1 Mem:482.74M (Peak 482.90M) | Time:00:00.50 | Mem:138.96M, Peak:138.96M | Scene, ViewLayer | Updating Geometry BVH Original_Limestone_Shared_Distant_Support 10/10 | Building BVH
Fra:1 Mem:482.74M (Peak 482.90M) | Time:00:00.50 | Mem:145.09M, Peak:145.09M | Scene, ViewLayer | Updating Geometry BVH Coral_Staghorn_Thicket_08 6/10 | Building BVH
Fra:1 Mem:482.74M (Peak 482.90M) | Time:00:00.50 | Mem:145.35M, Peak:145.53M | Scene, ViewLayer | Updating Geometry BVH Coral_Staghorn_Thicket_11 7/10 | Building BVH
Fra:1 Mem:482.74M (Peak 482.90M) | Time:00:00.50 | Mem:145.13M, Peak:146.13M | Scene, ViewLayer | Updating Geometry BVH Coral_Staghorn_Thicket_15 8/10 | Building BVH
Fra:1 Mem:482.74M (Peak 482.90M) | Time:00:00.50 | Mem:145.70M, Peak:146.13M | Scene, ViewLayer | Updating Geometry BVH Coral_Staghorn_Thicket_04 9/10 | Building BVH
Fra:1 Mem:482.74M (Peak 482.90M) | Time:00:00.51 | Mem:149.09M, Peak:150.56M | Scene, ViewLayer | Updating Scene BVH | Building
Fra:1 Mem:482.74M (Peak 482.90M) | Time:00:00.51 | Mem:149.09M, Peak:150.56M | Scene, ViewLayer | Updating Scene BVH | Building BVH
Fra:1 Mem:482.74M (Peak 482.90M) | Time:00:00.58 | Mem:195.10M, Peak:216.63M | Scene, ViewLayer | Updating Scene BVH | Copying BVH to device
Fra:1 Mem:482.74M (Peak 482.90M) | Time:00:00.58 | Mem:195.10M, Peak:216.63M | Scene, ViewLayer | Updating Mesh | Computing normals
Fra:1 Mem:520.77M (Peak 520.77M) | Time:00:00.60 | Mem:195.10M, Peak:216.63M | Scene, ViewLayer | Updating Mesh | Copying Mesh to device
Fra:1 Mem:520.77M (Peak 520.77M) | Time:00:00.60 | Mem:233.14M, Peak:233.14M | Scene, ViewLayer | Updating Objects Flags
Fra:1 Mem:520.77M (Peak 520.77M) | Time:00:00.60 | Mem:233.14M, Peak:233.14M | Scene, ViewLayer | Updating Primitive Offsets
Fra:1 Mem:520.77M (Peak 520.77M) | Time:00:00.60 | Mem:233.14M, Peak:233.14M | Scene, ViewLayer | Updating Images
Fra:1 Mem:520.77M (Peak 520.77M) | Time:00:00.60 | Mem:233.14M, Peak:233.14M | Scene, ViewLayer | Updating Camera Volume
Fra:1 Mem:520.77M (Peak 520.77M) | Time:00:00.60 | Mem:233.14M, Peak:233.14M | Scene, ViewLayer | Updating Lookup Tables
Fra:1 Mem:520.77M (Peak 520.77M) | Time:00:00.60 | Mem:233.22M, Peak:233.22M | Scene, ViewLayer | Updating Lights
Fra:1 Mem:520.77M (Peak 520.77M) | Time:00:00.60 | Mem:233.22M, Peak:233.22M | Scene, ViewLayer | Updating Lights | Computing tree
Fra:1 Mem:520.77M (Peak 520.77M) | Time:00:00.60 | Mem:233.22M, Peak:233.22M | Scene, ViewLayer | Updating Integrator
Fra:1 Mem:520.77M (Peak 520.77M) | Time:00:00.60 | Mem:233.22M, Peak:233.22M | Scene, ViewLayer | Updating Film
Fra:1 Mem:520.78M (Peak 520.78M) | Time:00:00.60 | Mem:233.14M, Peak:233.22M | Scene, ViewLayer | Updating Lookup Tables
Fra:1 Mem:520.78M (Peak 520.78M) | Time:00:00.60 | Mem:233.22M, Peak:233.22M | Scene, ViewLayer | Updating Baking
Fra:1 Mem:520.78M (Peak 520.78M) | Time:00:00.60 | Mem:233.22M, Peak:233.22M | Scene, ViewLayer | Updating Device | Writing constant memory
Fra:1 Mem:520.78M (Peak 520.78M) | Time:00:00.60 | Mem:233.22M, Peak:233.22M | Scene, ViewLayer | Sample 0/20
Fra:1 Mem:547.72M (Peak 547.72M) | Time:00:01.13 | Remaining:00:10.07 | Mem:260.15M, Peak:260.15M | Scene, ViewLayer | Sample 1/20
Fra:1 Mem:559.69M (Peak 583.61M) | Time:00:10.15 | Mem:260.15M, Peak:260.15M | Scene, ViewLayer | Sample 20/20
Fra:1 Mem:559.69M (Peak 583.61M) | Time:00:10.15 | Mem:260.15M, Peak:260.15M | Scene, ViewLayer | Finished
Saved: '/workspace/scratch/56bf13a306b9/reef-branch-grounding-oct7/evidence/branch-grounding-oct7/offline-pose-preview-close-textured.png'
Time: 00:10.30 (Saving: 00:00.13)

FRAME_READY /workspace/scratch/56bf13a306b9/reef-branch-grounding-oct7/evidence/branch-grounding-oct7/offline-pose-preview-close-textured.png
Fra:1 Mem:238.96M (Peak 238.96M) | Time:00:00.01 | Mem:0.00M, Peak:0.00M | Scene, ViewLayer | Synchronizing object | Sand_Rippled_32m
Fra:1 Mem:238.96M (Peak 238.96M) | Time:00:00.01 | Mem:0.00M, Peak:0.00M | Scene, ViewLayer | Synchronizing object | fish_01_eye_1
Fra:1 Mem:239.52M (Peak 239.52M) | Time:00:00.01 | Mem:0.00M, Peak:0.00M | Scene, ViewLayer | Synchronizing object | fish_01_pectoral_-1
Fra:1 Mem:239.50M (Peak 239.52M) | Time:00:00.01 | Mem:0.00M, Peak:0.00M | Scene, ViewLayer | Synchronizing object | fish_01_pectoral_1
Fra:1 Mem:239.50M (Peak 239.52M) | Time:00:00.01 | Mem:0.00M, Peak:0.00M | Scene, ViewLayer | Synchronizing object | fish_01_tail
Fra:1 Mem:239.51M (Peak 239.52M) | Time:00:00.01 | Mem:0.00M, Peak:0.00M | Scene, ViewLayer | Synchronizing object | fish_01_ventral
Fra:1 Mem:239.50M (Peak 239.52M) | Time:00:00.01 | Mem:0.00M, Peak:0.00M | Scene, ViewLayer | Synchronizing object | fish_02_body
Fra:1 Mem:239.51M (Peak 239.52M) | Time:00:00.01 | Mem:0.00M, Peak:0.00M | Scene, ViewLayer | Synchronizing object | fish_02_dorsal
Fra:1 Mem:239.52M (Peak 239.52M) | Time:00:00.01 | Mem:0.00M, Peak:0.00M | Scene, ViewLayer | Synchronizing object | fish_02_eye_-1
Fra:1 Mem:239.52M (Peak 239.52M) | Time:00:00.01 | Mem:0.00M, Peak:0.00M | Scene, ViewLayer | Synchronizing object | fish_02_pectoral_-1
Fra:1 Mem:240.31M (Peak 240.31M) | Time:00:00.01 | Mem:0.00M, Peak:0.00M | Scene, ViewLayer | Synchronizing object | Attached_small_fan_form.001
Fra:1 Mem:240.42M (Peak 240.42M) | Time:00:00.01 | Mem:0.00M, Peak:0.00M | Scene, ViewLayer | Synchronizing object | fish_02_pectoral_1
Fra:1 Mem:240.44M (Peak 240.44M) | Time:00:00.01 | Mem:0.00M, Peak:0.00M | Scene, ViewLayer | Synchronizing object | fish_02_tail
Fra:1 Mem:240.42M (Peak 240.44M) | Time:00:00.01 | Mem:0.00M, Peak:0.00M | Scene, ViewLayer | Synchronizing object | fish_02_ventral
Fra:1 Mem:240.42M (Peak 240.44M) | Time:00:00.01 | Mem:0.00M, Peak:0.00M | Scene, ViewLayer | Synchronizing object | fish_03_eye_-1
Fra:1 Mem:240.42M (Peak 240.44M) | Time:00:00.01 | Mem:0.00M, Peak:0.00M | Scene, ViewLayer | Synchronizing object | fish_03_eye_1
Fra:1 Mem:240.42M (Peak 240.44M) | Time:00:00.01 | Mem:0.00M, Peak:0.00M | Scene, ViewLayer | Synchronizing object | fish_03_pectoral_-1
Fra:1 Mem:240.53M (Peak 240.53M) | Time:00:00.01 | Mem:0.00M, Peak:0.00M | Scene, ViewLayer | Synchronizing object | fish_03_pectoral_1
Fra:1 Mem:242.42M (Peak 242.42M) | Time:00:00.01 | Mem:0.00M, Peak:0.00M | Scene, ViewLayer | Synchronizing object | fish_03_tail
Fra:1 Mem:242.42M (Peak 242.42M) | Time:00:00.01 | Mem:0.00M, Peak:0.00M | Scene, ViewLayer | Synchronizing object | fish_03_ventral
Fra:1 Mem:242.42M (Peak 242.42M) | Time:00:00.01 | Mem:0.00M, Peak:0.00M | Scene, ViewLayer | Synchronizing object | fish_04_body
Fra:1 Mem:242.50M (Peak 242.50M) | Time:00:00.01 | Mem:0.00M, Peak:0.00M | Scene, ViewLayer | Synchronizing object | fish_04_dorsal
Fra:1 Mem:242.55M (Peak 242.55M) | Time:00:00.01 | Mem:0.00M, Peak:0.00M | Scene, ViewLayer | Synchronizing object | fish_04_eye_-1
Fra:1 Mem:242.65M (Peak 242.65M) | Time:00:00.01 | Mem:0.00M, Peak:0.00M | Scene, ViewLayer | Synchronizing object | fish_04_eye_1
Fra:1 Mem:242.72M (Peak 242.72M) | Time:00:00.01 | Mem:0.00M, Peak:0.00M | Scene, ViewLayer | Synchronizing object | fish_04_pectoral_-1
Fra:1 Mem:242.74M (Peak 242.74M) | Time:00:00.01 | Mem:0.00M, Peak:0.00M | Scene, ViewLayer | Synchronizing object | fish_04_pectoral_1
Fra:1 Mem:242.76M (Peak 242.76M) | Time:00:00.01 | Mem:0.00M, Peak:0.00M | Scene, ViewLayer | Synchronizing object | fish_04_tail
Fra:1 Mem:242.76M (Peak 242.76M) | Time:00:00.01 | Mem:0.00M, Peak:0.00M | Scene, ViewLayer | Synchronizing object | fish_04_ventral
Fra:1 Mem:242.76M (Peak 242.76M) | Time:00:00.01 | Mem:0.00M, Peak:0.00M | Scene, ViewLayer | Synchronizing object | Sand_Horizon_80m
Fra:1 Mem:242.76M (Peak 242.76M) | Time:00:00.01 | Mem:0.00M, Peak:0.00M | Scene, ViewLayer | Synchronizing object | Hardbottom_Low_Irregular_Limestone
Fra:1 Mem:242.83M (Peak 242.83M) | Time:00:00.01 | Mem:0.00M, Peak:0.00M | Scene, ViewLayer | Synchronizing object | Coral_Low_Irregular_Encrusting_Mounds
Fra:1 Mem:244.04M (Peak 244.04M) | Time:00:00.01 | Mem:0.00M, Peak:0.00M | Scene, ViewLayer | Synchronizing object | Coral_Staghorn_Thicket_00
Fra:1 Mem:245.34M (Peak 245.34M) | Time:00:00.01 | Mem:0.00M, Peak:0.00M | Scene, ViewLayer | Synchronizing object | Coral_Staghorn_Thicket_01
Fra:1 Mem:250.35M (Peak 250.35M) | Time:00:00.01 | Mem:0.00M, Peak:0.00M | Scene, ViewLayer | Synchronizing object | Coral_Staghorn_Thicket_03
Fra:1 Mem:250.35M (Peak 250.35M) | Time:00:00.01 | Mem:0.00M, Peak:0.00M | Scene, ViewLayer | Synchronizing object | Coral_Staghorn_Thicket_12
Fra:1 Mem:251.64M (Peak 251.64M) | Time:00:00.01 | Mem:0.00M, Peak:0.00M | Scene, ViewLayer | Synchronizing object | Coral_Staghorn_Thicket_16
Fra:1 Mem:251.81M (Peak 251.81M) | Time:00:00.01 | Mem:0.00M, Peak:0.00M | Scene, ViewLayer | Synchronizing object | Depth_Hardbottom_Closed_Irregular_Rises
Fra:1 Mem:254.31M (Peak 254.31M) | Time:00:00.01 | Mem:0.00M, Peak:0.00M | Scene, ViewLayer | Synchronizing object | Depth_Staghorn_Linked_00_0
Fra:1 Mem:254.14M (Peak 254.31M) | Time:00:00.01 | Mem:0.00M, Peak:0.00M | Scene, ViewLayer | Synchronizing object | Depth_Staghorn_Linked_00_1
Fra:1 Mem:257.44M (Peak 257.61M) | Time:00:00.02 | Mem:0.00M, Peak:0.00M | Scene, ViewLayer | Synchronizing object | Depth_Staghorn_Linked_01_0
Fra:1 Mem:257.47M (Peak 257.61M) | Time:00:00.02 | Mem:0.00M, Peak:0.00M | Scene, ViewLayer | Synchronizing object | Depth_Staghorn_Linked_01_1
Fra:1 Mem:257.95M (Peak 257.95M) | Time:00:00.02 | Mem:0.00M, Peak:0.00M | Scene, ViewLayer | Synchronizing object | Depth_Staghorn_Linked_03_1
Fra:1 Mem:259.29M (Peak 259.29M) | Time:00:00.02 | Mem:0.00M, Peak:0.00M | Scene, ViewLayer | Synchronizing object | Depth_Staghorn_Linked_04_0
Fra:1 Mem:260.96M (Peak 261.07M) | Time:00:00.02 | Mem:0.00M, Peak:0.00M | Scene, ViewLayer | Synchronizing object | Depth_Staghorn_Linked_06_0
Fra:1 Mem:263.08M (Peak 263.08M) | Time:00:00.02 | Mem:0.00M, Peak:0.00M | Scene, ViewLayer | Synchronizing object | Depth_Staghorn_Linked_07_0
Fra:1 Mem:263.54M (Peak 263.54M) | Time:00:00.02 | Mem:0.00M, Peak:0.00M | Scene, ViewLayer | Synchronizing object | Corridor_Distant_Linked_00
Fra:1 Mem:266.07M (Peak 266.07M) | Time:00:00.02 | Mem:0.00M, Peak:0.00M | Scene, ViewLayer | Synchronizing object | Corridor_Distant_Linked_01
Fra:1 Mem:267.82M (Peak 267.82M) | Time:00:00.02 | Mem:0.00M, Peak:0.00M | Scene, ViewLayer | Synchronizing object | Corridor_Distant_Linked_05
Fra:1 Mem:268.91M (Peak 268.91M) | Time:00:00.02 | Mem:0.00M, Peak:0.00M | Scene, ViewLayer | Synchronizing object | Distant_Limestone_Support_00
Fra:1 Mem:265.80M (Peak 270.72M) | Time:00:00.02 | Mem:0.00M, Peak:0.00M | Scene, ViewLayer | Synchronizing object | Attached_reticulate_fan_form.001
Fra:1 Mem:276.89M (Peak 276.89M) | Time:00:00.02 | Mem:0.00M, Peak:0.00M | Scene, ViewLayer | Synchronizing object | Shoulder_closed_irregular_skeleton
Fra:1 Mem:292.47M (Peak 292.48M) | Time:00:00.03 | Mem:0.00M, Peak:0.00M | Scene, ViewLayer | Synchronizing object | Shoulder_closed_irregular_skeleton.002
Fra:1 Mem:292.21M (Peak 292.48M) | Time:00:00.04 | Mem:0.00M, Peak:0.00M | Scene, ViewLayer | Synchronizing object | Attached_reticulate_fan_form
Fra:1 Mem:286.08M (Peak 293.67M) | Time:00:00.04 | Mem:0.00M, Peak:0.00M | Scene, ViewLayer | Synchronizing object | Shoulder_closed_irregular_skeleton.001
Fra:1 Mem:289.68M (Peak 293.67M) | Time:00:00.04 | Mem:0.00M, Peak:0.00M | Scene, ViewLayer | Synchronizing object | Attached_small_fan_form
Fra:1 Mem:284.85M (Peak 297.25M) | Time:00:00.07 | Mem:0.00M, Peak:0.00M | Scene, ViewLayer | Initializing
Fra:1 Mem:284.52M (Peak 297.25M) | Time:00:00.07 | Mem:0.00M, Peak:0.00M | Scene, ViewLayer | Updating Images | Loading Shoulder_closed_irregular_skeleton-roughness.002
Fra:1 Mem:284.52M (Peak 297.25M) | Time:00:00.07 | Mem:0.00M, Peak:0.00M | Scene, ViewLayer | Updating Images | Loading sand_roughness
Fra:1 Mem:284.52M (Peak 297.25M) | Time:00:00.07 | Mem:0.00M, Peak:0.00M | Scene, ViewLayer | Updating Images | Loading limestone_normal
Fra:1 Mem:316.54M (Peak 324.54M) | Time:00:00.11 | Mem:4.00M, Peak:4.00M | Scene, ViewLayer | Updating Images | Loading coral_normal
Fra:1 Mem:312.53M (Peak 324.54M) | Time:00:00.11 | Mem:8.00M, Peak:8.00M | Scene, ViewLayer | Updating Images | Loading Shoulder_closed_irregular_skeleton-albedo
Fra:1 Mem:344.55M (Peak 352.56M) | Time:00:00.12 | Mem:12.00M, Peak:12.00M | Scene, ViewLayer | Updating Images | Loading Shoulder_closed_irregular_skeleton-roughness
Fra:1 Mem:340.54M (Peak 352.56M) | Time:00:00.12 | Mem:16.00M, Peak:16.00M | Scene, ViewLayer | Updating Images | Loading Shoulder_closed_irregular_skeleton-albedo.001
Fra:1 Mem:348.54M (Peak 356.55M) | Time:00:00.12 | Mem:20.00M, Peak:20.00M | Scene, ViewLayer | Updating Images | Loading Shoulder_closed_irregular_skeleton-roughness.001
Fra:1 Mem:352.54M (Peak 360.55M) | Time:00:00.15 | Mem:24.00M, Peak:24.00M | Scene, ViewLayer | Updating Images | Loading Shoulder_closed_irregular_skeleton-albedo.002
Fra:1 Mem:365.66M (Peak 432.55M) | Time:00:00.29 | Mem:84.00M, Peak:84.00M | Scene, ViewLayer | Waiting for render to start
Fra:1 Mem:365.66M (Peak 432.55M) | Time:00:00.29 | Mem:84.00M, Peak:84.00M | Scene, ViewLayer | Loading render kernels (may take a few minutes the first time)
Fra:1 Mem:365.66M (Peak 432.55M) | Time:00:00.29 | Mem:84.00M, Peak:84.00M | Scene, ViewLayer | Updating Scene
Fra:1 Mem:365.66M (Peak 432.55M) | Time:00:00.29 | Mem:84.00M, Peak:84.00M | Scene, ViewLayer | Updating Shaders
Fra:1 Mem:365.75M (Peak 432.55M) | Time:00:00.29 | Mem:84.00M, Peak:84.00M | Scene, ViewLayer | Updating Procedurals
Fra:1 Mem:365.75M (Peak 432.55M) | Time:00:00.29 | Mem:84.00M, Peak:84.00M | Scene, ViewLayer | Updating Background
Fra:1 Mem:365.75M (Peak 432.55M) | Time:00:00.29 | Mem:84.00M, Peak:84.00M | Scene, ViewLayer | Updating Camera
Fra:1 Mem:365.75M (Peak 432.55M) | Time:00:00.29 | Mem:84.00M, Peak:84.00M | Scene, ViewLayer | Updating Meshes Flags
Fra:1 Mem:365.75M (Peak 432.55M) | Time:00:00.29 | Mem:84.00M, Peak:84.00M | Scene, ViewLayer | Updating Objects
Fra:1 Mem:365.75M (Peak 432.55M) | Time:00:00.29 | Mem:84.00M, Peak:84.00M | Scene, ViewLayer | Updating Objects | Copying Transformations to device
Fra:1 Mem:365.77M (Peak 432.55M) | Time:00:00.29 | Mem:84.02M, Peak:84.02M | Scene, ViewLayer | Updating Objects | Applying Static Transformations
Fra:1 Mem:365.77M (Peak 432.55M) | Time:00:00.29 | Mem:84.02M, Peak:84.02M | Scene, ViewLayer | Updating Particle Systems
Fra:1 Mem:365.77M (Peak 432.55M) | Time:00:00.29 | Mem:84.02M, Peak:84.02M | Scene, ViewLayer | Updating Particle Systems | Copying Particles to device
Fra:1 Mem:365.77M (Peak 432.55M) | Time:00:00.29 | Mem:84.02M, Peak:84.02M | Scene, ViewLayer | Updating Meshes
Fra:1 Mem:379.53M (Peak 432.55M) | Time:00:00.31 | Mem:84.02M, Peak:84.02M | Scene, ViewLayer | Updating Mesh | Computing attributes
Fra:1 Mem:387.36M (Peak 432.55M) | Time:00:00.31 | Mem:84.03M, Peak:84.03M | Scene, ViewLayer | Updating Mesh | Copying Attributes to device
Fra:1 Mem:387.35M (Peak 432.55M) | Time:00:00.31 | Mem:91.83M, Peak:91.83M | Scene, ViewLayer | Updating Geometry BVH Coral_Staghorn_Thicket_00 1/10 | Building BVH
Fra:1 Mem:387.35M (Peak 432.55M) | Time:00:00.31 | Mem:91.83M, Peak:91.83M | Scene, ViewLayer | Updating Geometry BVH Coral_Staghorn_Thicket_03 2/10 | Building BVH
Fra:1 Mem:387.35M (Peak 432.55M) | Time:00:00.31 | Mem:91.83M, Peak:91.83M | Scene, ViewLayer | Updating Geometry BVH Coral_Staghorn_Thicket_12 3/10 | Building BVH
Fra:1 Mem:387.35M (Peak 432.55M) | Time:00:00.31 | Mem:91.83M, Peak:91.83M | Scene, ViewLayer | Updating Geometry BVH Coral_Staghorn_Thicket_16 4/10 | Building BVH
Fra:1 Mem:387.35M (Peak 432.55M) | Time:00:00.31 | Mem:92.76M, Peak:92.76M | Scene, ViewLayer | Updating Geometry BVH Coral_Staghorn_Thicket_16 4/10 | Building BVH 0%
Fra:1 Mem:387.35M (Peak 432.55M) | Time:00:00.31 | Mem:93.37M, Peak:93.37M | Scene, ViewLayer | Updating Geometry BVH Coral_Staghorn_Thicket_17 5/10 | Building BVH
Fra:1 Mem:387.35M (Peak 432.55M) | Time:00:00.32 | Mem:94.39M, Peak:94.39M | Scene, ViewLayer | Updating Geometry BVH Original_Limestone_Shared_Distant_Support 10/10 | Building BVH
Fra:1 Mem:387.35M (Peak 432.55M) | Time:00:00.32 | Mem:99.90M, Peak:100.36M | Scene, ViewLayer | Updating Geometry BVH Coral_Staghorn_Thicket_08 6/10 | Building BVH
Fra:1 Mem:387.35M (Peak 432.55M) | Time:00:00.32 | Mem:99.67M, Peak:100.72M | Scene, ViewLayer | Updating Geometry BVH Coral_Staghorn_Thicket_11 7/10 | Building BVH
Fra:1 Mem:387.35M (Peak 432.55M) | Time:00:00.32 | Mem:100.34M, Peak:100.72M | Scene, ViewLayer | Updating Geometry BVH Coral_Staghorn_Thicket_15 8/10 | Building BVH
Fra:1 Mem:387.35M (Peak 432.55M) | Time:00:00.32 | Mem:100.41M, Peak:101.22M | Scene, ViewLayer | Updating Geometry BVH Coral_Staghorn_Thicket_04 9/10 | Building BVH
Fra:1 Mem:387.35M (Peak 432.55M) | Time:00:00.33 | Mem:104.09M, Peak:106.61M | Scene, ViewLayer | Updating Scene BVH | Building
Fra:1 Mem:387.35M (Peak 432.55M) | Time:00:00.33 | Mem:104.09M, Peak:106.61M | Scene, ViewLayer | Updating Scene BVH | Building BVH
Fra:1 Mem:387.35M (Peak 432.55M) | Time:00:00.42 | Mem:150.10M, Peak:171.63M | Scene, ViewLayer | Updating Scene BVH | Copying BVH to device
Fra:1 Mem:387.35M (Peak 432.55M) | Time:00:00.42 | Mem:150.10M, Peak:171.63M | Scene, ViewLayer | Updating Mesh | Computing normals
Fra:1 Mem:425.38M (Peak 432.55M) | Time:00:00.44 | Mem:150.10M, Peak:171.63M | Scene, ViewLayer | Updating Mesh | Copying Mesh to device
Fra:1 Mem:425.38M (Peak 432.55M) | Time:00:00.44 | Mem:188.14M, Peak:188.14M | Scene, ViewLayer | Updating Objects Flags
Fra:1 Mem:425.38M (Peak 432.55M) | Time:00:00.44 | Mem:188.14M, Peak:188.14M | Scene, ViewLayer | Updating Primitive Offsets
Fra:1 Mem:425.38M (Peak 432.55M) | Time:00:00.44 | Mem:188.14M, Peak:188.14M | Scene, ViewLayer | Updating Images
Fra:1 Mem:425.38M (Peak 432.55M) | Time:00:00.44 | Mem:188.14M, Peak:188.14M | Scene, ViewLayer | Updating Camera Volume
Fra:1 Mem:425.38M (Peak 432.55M) | Time:00:00.44 | Mem:188.14M, Peak:188.14M | Scene, ViewLayer | Updating Lookup Tables
Fra:1 Mem:425.38M (Peak 432.55M) | Time:00:00.44 | Mem:188.22M, Peak:188.22M | Scene, ViewLayer | Updating Lights
Fra:1 Mem:425.39M (Peak 432.55M) | Time:00:00.44 | Mem:188.22M, Peak:188.22M | Scene, ViewLayer | Updating Lights | Computing tree
Fra:1 Mem:425.39M (Peak 432.55M) | Time:00:00.44 | Mem:188.22M, Peak:188.22M | Scene, ViewLayer | Updating Integrator
Fra:1 Mem:425.39M (Peak 432.55M) | Time:00:00.44 | Mem:188.22M, Peak:188.22M | Scene, ViewLayer | Updating Film
Fra:1 Mem:425.39M (Peak 432.55M) | Time:00:00.44 | Mem:188.14M, Peak:188.22M | Scene, ViewLayer | Updating Lookup Tables
Fra:1 Mem:425.39M (Peak 432.55M) | Time:00:00.44 | Mem:188.22M, Peak:188.22M | Scene, ViewLayer | Updating Baking
Fra:1 Mem:425.39M (Peak 432.55M) | Time:00:00.44 | Mem:188.22M, Peak:188.22M | Scene, ViewLayer | Updating Device | Writing constant memory
Fra:1 Mem:425.39M (Peak 432.55M) | Time:00:00.44 | Mem:188.22M, Peak:188.22M | Scene, ViewLayer | Sample 0/20
Fra:1 Mem:452.34M (Peak 452.34M) | Time:00:00.96 | Remaining:00:09.95 | Mem:215.15M, Peak:215.15M | Scene, ViewLayer | Sample 1/20
Fra:1 Mem:464.30M (Peak 488.23M) | Time:00:13.51 | Mem:215.15M, Peak:215.15M | Scene, ViewLayer | Sample 20/20
Fra:1 Mem:464.30M (Peak 488.23M) | Time:00:13.51 | Mem:215.15M, Peak:215.15M | Scene, ViewLayer | Finished
Saved: '/workspace/scratch/56bf13a306b9/reef-branch-grounding-oct7/evidence/branch-grounding-oct7/offline-pose-preview-close-gray.png'
Time: 00:13.70 (Saving: 00:00.16)

FRAME_READY /workspace/scratch/56bf13a306b9/reef-branch-grounding-oct7/evidence/branch-grounding-oct7/offline-pose-preview-close-gray.png

Blender quit
